Unity Editor version:    2022.3.62f3c1 (1623fc0bbb97)
Branch:                  2022.3/china_unity/release
Build type:              Release
Batch mode:              YES
macOS version:           Version 26.6.2 (Build 25G83)
Darwin version:          25.6.0
Architecture:            arm64
Running under Rosetta:   NO
Available memory:        24576 MB
[Licensing::Module] Trying to connect to existing licensing client channel...
[Licensing::IpcConnector] Channel LicenseClient-tangluyi doesn't exist
Launching external process: /Applications/Unity/Hub/Editor/2022.3.62f3c1/Unity.app/Contents/Frameworks/UnityLicensingClient.app/Contents/MacOS/Unity.Licensing.Client
[Licensing::Module] Successfully launched the LicensingClient (PId: 52278)
[Licensing::IpcConnector] Successfully connected to: "LicenseClient-tangluyi" at "2026-09-20T05:52:52.254939Z"
[Licensing::Client] Code 1 while verifying Licensing Client signature (process Id: 52278, path: "/Applications/Unity/Hub/Editor/2022.3.62f3c1/Unity.app/Contents/Frameworks/UnityLicensingClient.app/Contents/MacOS/Unity.Licensing.Client")
[Licensing::Module] LicensingClient has failed validation; ignoring
[Licensing::Client] Handshaking with LicensingClient:
  Version:                 1.16.2+bdef8f5
  Session Id:              59e5bd9c3f774eaf84402322a91e33ca
  Correlation Id:          7064d5a6b04a943fc90a3929176937d2
  External correlation Id: 8285767442023297512
  Machine Id:              M6aE25DqX33z0Pr8mgpVRQHSa18=
[Licensing::Module] Successfully connected to LicensingClient on channel: "LicenseClient-tangluyi" (connect: 0.60s, validation: 0.04s, handshake: 0.01s)
[Licensing::IpcConnector] Successfully connected to: "LicenseClient-tangluyi-notifications" at "2026-09-20T05:52:52.309631Z"
[Licensing::Module] Connected to LicensingClient (PId: 52278, launch time: 0.00, total connection time: 0.66s)
[Licensing::Module] Error: Access token is unavailable; failed to update
[Licensing::Client] Successfully updated license
[Licensing::Client] Successfully resolved entitlement details
[Licensing::Module] Serial number assigned to: "F4-2F9M-RDAW-5X8V-RWMT-XXXX"
Pro License: NO
[Licensing::Client] Successfully resolved entitlement details
Launching external process: /Applications/Unity/Hub/Editor/2022.3.62f3c1/Unity.app/Contents/Resources/PackageManager/Server/UnityPackageManager

COMMAND LINE ARGUMENTS:
/Applications/Unity/Hub/Editor/2022.3.62f3c1/Unity.app/Contents/MacOS/Unity
-batchmode
-quit
-projectPath
/Users/tangluyi/WorkBuddy/2026-09-19-11-16-44/UnityProjectInspector/experiments/M14_RuntimeActionFixture
-logFile
/Users/tangluyi/WorkBuddy/2026-09-19-11-16-44/UnityProjectInspector/experiments/M14_RuntimeActionFixture/m14_import.log
Successfully changed project path to: /Users/tangluyi/WorkBuddy/2026-09-19-11-16-44/UnityProjectInspector/experiments/M14_RuntimeActionFixture
/Users/tangluyi/WorkBuddy/2026-09-19-11-16-44/UnityProjectInspector/experiments/M14_RuntimeActionFixture
[UnityMemory] Configuration Parameters - Can be set up in boot.config
    "memorysetup-bucket-allocator-granularity=16"
    "memorysetup-bucket-allocator-bucket-count=8"
    "memorysetup-bucket-allocator-block-size=33554432"
    "memorysetup-bucket-allocator-block-count=8"
    "memorysetup-main-allocator-block-size=16777216"
    "memorysetup-thread-allocator-block-size=16777216"
    "memorysetup-gfx-main-allocator-block-size=16777216"
    "memorysetup-gfx-thread-allocator-block-size=16777216"
    "memorysetup-cache-allocator-block-size=4194304"
    "memorysetup-typetree-allocator-block-size=2097152"
    "memorysetup-profiler-bucket-allocator-granularity=16"
    "memorysetup-profiler-bucket-allocator-bucket-count=8"
    "memorysetup-profiler-bucket-allocator-block-size=33554432"
    "memorysetup-profiler-bucket-allocator-block-count=8"
    "memorysetup-profiler-allocator-block-size=16777216"
    "memorysetup-profiler-editor-allocator-block-size=1048576"
    "memorysetup-temp-allocator-size-main=16777216"
    "memorysetup-job-temp-allocator-block-size=2097152"
    "memorysetup-job-temp-allocator-block-size-background=1048576"
    "memorysetup-job-temp-allocator-reduction-small-platforms=262144"
    "memorysetup-allocator-temp-initial-block-size-main=262144"
    "memorysetup-allocator-temp-initial-block-size-worker=262144"
    "memorysetup-temp-allocator-size-background-worker=32768"
    "memorysetup-temp-allocator-size-job-worker=262144"
    "memorysetup-temp-allocator-size-preload-manager=33554432"
    "memorysetup-temp-allocator-size-nav-mesh-worker=65536"
    "memorysetup-temp-allocator-size-audio-worker=65536"
    "memorysetup-temp-allocator-size-cloud-worker=32768"
    "memorysetup-temp-allocator-size-gi-baking-worker=262144"
    "memorysetup-temp-allocator-size-gfx=262144"
Player connection [8370610560]  Target information:

Player connection [8370610560]  * "[IP] 192.168.100.199 [Port] 55504 [Flags] 2 [Guid] 235328865 [EditorId] 235328865 [Version] 1048832 [Id] OSXEditor(0,bogon) [Debug] 1 [PackageName] OSXEditor [ProjectName] Editor" 

Player connection [8370610560] Host joined multi-casting on [225.0.0.222:54997]...
Player connection [8370610560] Host joined alternative multi-casting on [225.0.0.222:34997]...
Input System module state changed to: Initialized.
[PhysX] Initialized MultithreadedTaskDispatcher with 10 workers.
[Package Manager] UpmClient::Connect -- Connected to IPC stream "Upm-52277" after 0.3 seconds.
[Package Manager] Restoring resolved packages state from cache
[Licensing::Client] Successfully resolved entitlement details
[Package Manager] Registered 12 packages:
  Built-in packages:
    com.unity.modules.ai@1.0.0 (location: /Users/tangluyi/WorkBuddy/2026-09-19-11-16-44/UnityProjectInspector/experiments/M14_RuntimeActionFixture/Library/PackageCache/com.unity.modules.ai@1.0.0)
    com.unity.modules.animation@1.0.0 (location: /Users/tangluyi/WorkBuddy/2026-09-19-11-16-44/UnityProjectInspector/experiments/M14_RuntimeActionFixture/Library/PackageCache/com.unity.modules.animation@1.0.0)
    com.unity.modules.audio@1.0.0 (location: /Users/tangluyi/WorkBuddy/2026-09-19-11-16-44/UnityProjectInspector/experiments/M14_RuntimeActionFixture/Library/PackageCache/com.unity.modules.audio@1.0.0)
    com.unity.modules.imgui@1.0.0 (location: /Users/tangluyi/WorkBuddy/2026-09-19-11-16-44/UnityProjectInspector/experiments/M14_RuntimeActionFixture/Library/PackageCache/com.unity.modules.imgui@1.0.0)
    com.unity.modules.physics@1.0.0 (location: /Users/tangluyi/WorkBuddy/2026-09-19-11-16-44/UnityProjectInspector/experiments/M14_RuntimeActionFixture/Library/PackageCache/com.unity.modules.physics@1.0.0)
    com.unity.modules.ui@1.0.0 (location: /Users/tangluyi/WorkBuddy/2026-09-19-11-16-44/UnityProjectInspector/experiments/M14_RuntimeActionFixture/Library/PackageCache/com.unity.modules.ui@1.0.0)
    com.unity.modules.uielements@1.0.0 (location: /Users/tangluyi/WorkBuddy/2026-09-19-11-16-44/UnityProjectInspector/experiments/M14_RuntimeActionFixture/Library/PackageCache/com.unity.modules.uielements@1.0.0)
    com.unity.modules.unityanalytics@1.0.0 (location: /Users/tangluyi/WorkBuddy/2026-09-19-11-16-44/UnityProjectInspector/experiments/M14_RuntimeActionFixture/Library/PackageCache/com.unity.modules.unityanalytics@1.0.0)
    com.unity.modules.unitywebrequest@1.0.0 (location: /Users/tangluyi/WorkBuddy/2026-09-19-11-16-44/UnityProjectInspector/experiments/M14_RuntimeActionFixture/Library/PackageCache/com.unity.modules.unitywebrequest@1.0.0)
    com.unity.modules.video@1.0.0 (location: /Users/tangluyi/WorkBuddy/2026-09-19-11-16-44/UnityProjectInspector/experiments/M14_RuntimeActionFixture/Library/PackageCache/com.unity.modules.video@1.0.0)
    com.unity.ugui@1.0.0 (location: /Users/tangluyi/WorkBuddy/2026-09-19-11-16-44/UnityProjectInspector/experiments/M14_RuntimeActionFixture/Library/PackageCache/com.unity.ugui@1.0.0)
    com.unity.modules.jsonserialize@1.0.0 (location: /Users/tangluyi/WorkBuddy/2026-09-19-11-16-44/UnityProjectInspector/experiments/M14_RuntimeActionFixture/Library/PackageCache/com.unity.modules.jsonserialize@1.0.0)
[Subsystems] No new subsystems found in resolved package list.
Package Manager log level set to [2]
[Package Manager] Done registering packages in 0.12 seconds
Refreshing native plugins compatible for Editor in 0.00 ms, found 0 plugins.
Preloading 0 native plugins for Editor in 0.00 ms.
Initialize engine version: 2022.3.62f3c1 (1623fc0bbb97)
[Subsystems] Discovering subsystems at path /Applications/Unity/Hub/Editor/2022.3.62f3c1/Unity.app/Contents/Resources/UnitySubsystems
[Subsystems] Discovering subsystems at path /Users/tangluyi/WorkBuddy/2026-09-19-11-16-44/UnityProjectInspector/experiments/M14_RuntimeActionFixture/Assets
GfxDevice: creating device client; threaded=0; jobified=0
 preferred device: Apple M5 (high power)
Metal devices available: 1
0: Apple M5 (high power)
Using device Apple M5 (high power)
Initializing Metal device caps: Apple M5
[Licensing::Client] Successfully resolved entitlement details
Initialize mono
Mono path[0] = '/Applications/Unity/Hub/Editor/2022.3.62f3c1/Unity.app/Contents/Managed'
Mono path[1] = '/Applications/Unity/Hub/Editor/2022.3.62f3c1/Unity.app/Contents/MonoBleedingEdge/lib/mono/unityjit-macos'
Mono config path = '/Applications/Unity/Hub/Editor/2022.3.62f3c1/Unity.app/Contents/MonoBleedingEdge/etc'
Using monoOptions --debugger-agent=transport=dt_socket,embedding=1,server=y,suspend=n,address=127.0.0.1:56277
Using cacheserver namespaces - metadata:defaultmetadata, artifacts:defaultartifacts
Using cacheserver namespaces - metadata:defaultmetadata, artifacts:defaultartifacts
ImportWorker Server TCP listen port: 0
Begin MonoManager ReloadAssembly
Registering precompiled unity dll's ...
Register platform support module: /Applications/Unity/Hub/Editor/2022.3.62f3c1/Unity.app/Contents/PlaybackEngines/MacStandaloneSupport/UnityEditor.OSXStandalone.Extensions.dll
[Licensing::Client] Successfully resolved entitlement details
Register platform support module: /Applications/Unity/Hub/Editor/2022.3.62f3c1/PlaybackEngines/AndroidPlayer/UnityEditor.Android.Extensions.dll
[Licensing::Client] Successfully resolved entitlement details
Register platform support module: /Applications/Unity/Hub/Editor/2022.3.62f3c1/PlaybackEngines/iOSSupport/UnityEditor.iOS.Extensions.dll
Register platform support module: /Applications/Unity/Hub/Editor/2022.3.62f3c1/PlaybackEngines/WindowsStandaloneSupport/UnityEditor.WindowsStandalone.Extensions.dll
Registered in 0.024399 seconds.
- Loaded All Assemblies, in  0.168 seconds
Native extension for WindowsStandalone target not found
[usbmuxd] Start listen thread
[usbmuxd] Listen thread started
[usbmuxd] Send listen message
Native extension for iOS target not found
Native extension for Android target not found
Android Extension - Scanning For ADB Devices 159 ms
Native extension for OSXStandalone target not found
Mono: successfully reloaded assembly
- Finished resetting the current domain, in  0.295 seconds
Domain Reload Profiling: 463ms
	BeginReloadAssembly (48ms)
		ExecutionOrderSort (0ms)
		DisableScriptedObjects (0ms)
		BackupInstance (0ms)
		ReleaseScriptingObjects (0ms)
		CreateAndSetChildDomain (0ms)
	RebuildCommonClasses (12ms)
	RebuildNativeTypeToScriptingClass (4ms)
	initialDomainReloadingComplete (41ms)
	LoadAllAssembliesAndSetupDomain (63ms)
		LoadAssemblies (49ms)
		RebuildTransferFunctionScriptingTraits (0ms)
		AnalyzeDomain (60ms)
			TypeCache.Refresh (60ms)
				TypeCache.ScanAssembly (54ms)
			ScanForSourceGeneratedMonoScriptInfo (0ms)
			ResolveRequiredComponents (0ms)
	FinalizeReload (295ms)
		ReleaseScriptCaches (0ms)
		RebuildScriptCaches (0ms)
		SetupLoadedEditorAssemblies (279ms)
			LogAssemblyErrors (0ms)
			InitializePlatformSupportModulesInManaged (216ms)
			SetLoadedEditorAssemblies (2ms)
			RefreshPlugins (0ms)
			BeforeProcessingInitializeOnLoad (1ms)
			ProcessInitializeOnLoadAttributes (45ms)
			ProcessInitializeOnLoadMethodAttributes (14ms)
			AfterProcessingInitializeOnLoad (0ms)
			EditorAssembliesLoaded (0ms)
		ExecutionOrderSort2 (0ms)
		AwakeInstancesAfterBackupRestoration (0ms)
[Licensing::Client] Successfully resolved entitlement details
Application.AssetDatabase Initial Refresh Start
[ScriptCompilation] Requested script compilation because: Assetdatabase observed changes in script compilation related files
[40m[32minfo[39m[22m[49m: Microsoft.Hosting.Lifetime[14]
      Now listening on: http://unix:/tmp/ilpp.sock-5ee68461a35d61c797799dd6586a57db
[40m[32minfo[39m[22m[49m: Microsoft.Hosting.Lifetime[0]
      Application started. Press Ctrl+C to shut down.
[40m[32minfo[39m[22m[49m: Microsoft.Hosting.Lifetime[0]
      Hosting environment: Production
[40m[32minfo[39m[22m[49m: Microsoft.Hosting.Lifetime[0]
      Content root path: /Users/tangluyi/WorkBuddy/2026-09-19-11-16-44/UnityProjectInspector/experiments/M14_RuntimeActionFixture/
[40m[32minfo[39m[22m[49m: Microsoft.AspNetCore.Hosting.Diagnostics[1]
      Request starting HTTP/2 POST http://ilpp/UnityILPP.PostProcessing/Ping application/grpc -
[40m[32minfo[39m[22m[49m: Microsoft.AspNetCore.Routing.EndpointMiddleware[0]
      Executing endpoint 'gRPC - /UnityILPP.PostProcessing/Ping'
[40m[32minfo[39m[22m[49m: Microsoft.AspNetCore.Routing.EndpointMiddleware[1]
      Executed endpoint 'gRPC - /UnityILPP.PostProcessing/Ping'
[40m[32minfo[39m[22m[49m: Microsoft.AspNetCore.Hosting.Diagnostics[2]
      Request finished HTTP/2 POST http://ilpp/UnityILPP.PostProcessing/Ping application/grpc - - 200 - application/grpc 16.6617ms
Starting: /Applications/Unity/Hub/Editor/2022.3.62f3c1/Unity.app/Contents/bee_backend --ipc --defer-dag-verification --dagfile="Library/Bee/200b0aE.dag" --continue-on-failure --profile="Library/Bee/backend1.traceevents" ScriptAssemblies
WorkingDir: /Users/tangluyi/WorkBuddy/2026-09-19-11-16-44/UnityProjectInspector/experiments/M14_RuntimeActionFixture
DisplayProgressbar: Compiling Scripts
ExitCode: 0 Duration: 1s127ms
[124/130    1s] Csc Library/Bee/artifacts/200b0aE.dag/Assembly-CSharp.dll (+2 others)
[125/130    0s] CopyFiles Library/ScriptAssemblies/Assembly-CSharp.pdb
[126/130    0s] CopyFiles Library/ScriptAssemblies/Assembly-CSharp.dll
[127/130    0s] Csc Library/Bee/artifacts/200b0aE.dag/Assembly-CSharp-Editor.dll (+2 others)
[128/130    0s] CopyFiles Library/ScriptAssemblies/Assembly-CSharp-Editor.pdb
[129/130    0s] CopyFiles Library/ScriptAssemblies/Assembly-CSharp-Editor.dll
*** Tundra build success (1.12 seconds), 6 items updated, 130 evaluated
Total cache size 1985824
Total cache size after purge 1985824
AssetDatabase: script compilation time: 1.378769s
Begin MonoManager ReloadAssembly
- Loaded All Assemblies, in  0.082 seconds
Refreshing native plugins compatible for Editor in 0.00 ms, found 0 plugins.
Preloading 0 native plugins for Editor in 0.00 ms.
Start importing Assets/Scripts/M14RuntimeBridge.cs using Guid(427530223ea664b788da630fe63e4c1d) Importer(-1,00000000000000000000000000000000) [PhysX] Initialized MultithreadedTaskDispatcher with 10 workers.
 -> (artifact id: 'e049aed8befe8d318399327fb7064f93') in 0.005093 seconds
Refreshing native plugins compatible for Editor in 0.00 ms, found 0 plugins.
Native extension for WindowsStandalone target not found
Native extension for iOS target not found
Native extension for Android target not found
Native extension for OSXStandalone target not found
Mono: successfully reloaded assembly
- Finished resetting the current domain, in  0.113 seconds
Domain Reload Profiling: 195ms
	BeginReloadAssembly (47ms)
		ExecutionOrderSort (0ms)
		DisableScriptedObjects (2ms)
		BackupInstance (0ms)
		ReleaseScriptingObjects (0ms)
		CreateAndSetChildDomain (9ms)
	RebuildCommonClasses (12ms)
	RebuildNativeTypeToScriptingClass (4ms)
	initialDomainReloadingComplete (7ms)
	LoadAllAssembliesAndSetupDomain (11ms)
		LoadAssemblies (24ms)
		RebuildTransferFunctionScriptingTraits (0ms)
		AnalyzeDomain (8ms)
			TypeCache.Refresh (7ms)
				TypeCache.ScanAssembly (4ms)
			ScanForSourceGeneratedMonoScriptInfo (0ms)
			ResolveRequiredComponents (1ms)
	FinalizeReload (113ms)
		ReleaseScriptCaches (0ms)
		RebuildScriptCaches (0ms)
		SetupLoadedEditorAssemblies (69ms)
			LogAssemblyErrors (0ms)
			InitializePlatformSupportModulesInManaged (10ms)
			SetLoadedEditorAssemblies (2ms)
			RefreshPlugins (0ms)
			BeforeProcessingInitializeOnLoad (10ms)
			ProcessInitializeOnLoadAttributes (41ms)
			ProcessInitializeOnLoadMethodAttributes (6ms)
			AfterProcessingInitializeOnLoad (1ms)
			EditorAssembliesLoaded (0ms)
		ExecutionOrderSort2 (0ms)
		AwakeInstancesAfterBackupRestoration (1ms)
Refreshing native plugins compatible for Editor in 0.00 ms, found 0 plugins.
Preloading 0 native plugins for Editor in 0.00 ms.
Asset Pipeline Refresh (id=c45eaf7eb52754c63985db8656363ee5): Total: 1.675 seconds - Initiated by InitialRefreshV2(ForceSynchronousImport)
	Summary:
		Imports: total=1 (actual=1, local cache=0, cache server=0)
		Asset DB Process Time: managed=0 ms, native=79 ms
		Asset DB Callback time: managed=15 ms, native=0 ms
		Scripting: domain reloads=1, domain reload time=197 ms, compile time=1379 ms, other=1 ms
		Project Asset Count: scripts=324, non-scripts=18
		Asset File Changes: new=0, changed=1, moved=0, deleted=0
		Scan Filter Count: 1
	InvokeBeforeRefreshCallbacks: 0.135ms
	ApplyChangesToAssetFolders: 0.013ms
	Scan: 11.404ms
	OnSourceAssetsModified: 0.944ms
	GetAllGuidsForCategorization: 0.012ms
	CategorizeAssets: 1.423ms
	ImportOutOfDateAssets: 120.946ms (-1266.002ms without children)
		ImportManagerImport: 6.990ms (1.776ms without children)
			ImportInProcess: 5.207ms
			UpdateCategorizedAssets: 0.007ms
		CompileScripts: 1379.411ms
		ReloadNativeAssets: 0.000ms
		UnloadImportedAssets: 0.368ms
		ReloadImportedAssets: 0.068ms
		EnsureUptoDateAssetsAreRegisteredWithGuidPM: 0.043ms
		PostProcessAllAssetNotificationsAddChangedAssets: 0.000ms
		OnDemandSchedulerStart: 0.066ms
	PostProcessAllAssets: 14.835ms
	Hotreload: 0.240ms
	GatherAllCurrentPrimaryArtifactRevisions: 0.002ms
	UnloadStreamsBegin: 0.110ms
	PersistCurrentRevisions: 0.028ms
	UnloadStreamsEnd: 0.001ms
	GenerateScriptTypeHashes: 0.000ms
	Untracked: 1524.820ms
Application.AssetDatabase Initial Refresh End
Launching external process: /Applications/Unity/Hub/Editor/2022.3.62f3c1/Unity.app/Contents/Tools/UnityShaderCompiler
Launched and connected shader compiler UnityShaderCompiler after 0.04 seconds
Scanning for USB devices : 0.019ms
Initializing Unity extensions:
[Licensing::Client] Successfully resolved entitlement details
[MODES] ModeService[none].Initialize
[MODES] ModeService[none].LoadModes
[MODES] Loading mode Default (0) for mode-current-id-M14RuntimePlayer
[PhysX] Initialized MultithreadedTaskDispatcher with 10 workers.
ProgressiveSceneManager::Cancel()
-- Listing OpenCL platforms(s) --
 * OpenCL platform 0
	PROFILE = FULL_PROFILE
	VERSION = OpenCL 1.2 (Jul 31 2026 20:36:30)
	NAME = Apple
	VENDOR = Apple
-- Listing OpenCL device(s) --
 * OpenCL platform 0, device 0 
	DEVICE_TYPE = 4
	DEVICE_NAME = Apple M5
	DEVICE_VENDOR = Apple
	DEVICE_VERSION = OpenCL 1.2 
	DRIVER_VERSION = 1.2 1.0
	DEVICE_MAX_COMPUTE_UNITS = 10
	DEVICE_MAX_CLOCK_FREQUENCY = 1000
	CL_DEVICE_MAX_CONSTANT_BUFFER_SIZE = 1073741824
	CL_DEVICE_HOST_UNIFIED_MEMORY = true
	CL_DEVICE_MAX_MEM_ALLOC_SIZE = 3575562240
	DEVICE_GLOBAL_MEM_SIZE = 19069665280
-- GPU Progressive lightmapper will use OpenCL device 'Apple M5' from 'Apple'--
   use -OpenCL-PlatformAndDeviceIndices <platformIdx> <deviceIdx> as command line arguments if you want to select a specific adapter for OpenCL.
Unloading 3 Unused Serialized files (Serialized files now loaded: 0)
Unloading 14 unused Assets / (370.8 KB). Loaded Objects now: 744.
Memory consumption went from 92.1 MB to 91.7 MB.
Total: 1.541125 ms (FindLiveObjects: 0.028792 ms CreateObjectMapping: 0.004750 ms MarkObjects: 1.407166 ms  DeleteObjects: 0.100042 ms)

Batchmode quit successfully invoked - shutting down!
Curl error 42: Callback aborted
Curl error 42: Callback aborted
Killing ADB server in 0.01938 seconds.
Thread 0x16fd8f000 may have been prematurely finalized
[PhysX] Initialized MultithreadedTaskDispatcher with 10 workers.
Input System module state changed to: ShutdownInProgress.
Input System polling thread exited.
Input System module state changed to: Shutdown.
[Licensing::IpcConnector] LicenseClient-tangluyi-notifications channel disconnected successfully.
[Licensing::IpcConnector] LicenseClient-tangluyi channel disconnected successfully.
Thread 0x16c74f000 may have been prematurely finalized
[40m[32minfo[39m[22m[49m: Microsoft.Hosting.Lifetime[0]
      Application is shutting down...
Cleanup mono
debugger-agent: Unable to listen on 52
[usbmuxd] Stop listen thread
[usbmuxd] Error: 
[usbmuxd] Listen thread exiting
[Performance] Application.InitializeProject                                                                                  :        1 samples, Peak.  2.83 s (1.0x), Avg.  2.83 s, Total. 2.830 s (57.8%)
[Performance] Application.PackageManager.StartServer                                                                         :        1 samples, Peak.  6.17 ms (1.0x), Avg.  6.17 ms, Total. 6.168 ms (0.1%)
[Performance] Application.AcquireProjectLock                                                                                 :        1 samples, Peak.  2.60 ms (1.0x), Avg.  2.60 ms, Total. 2.595 ms (0.1%)
[Performance] Application.InitializeEngineNoGraphics                                                                         :        1 samples, Peak.  18.7 ms (1.0x), Avg.  18.7 ms, Total. 18.74 ms (0.4%)
[Performance] Application.PackageManager.Initialize                                                                          :        1 samples, Peak.   310 ms (1.0x), Avg.   310 ms, Total. 310.1 ms (6.3%)
[Performance] Connecting to Package Manager                                                                                  :       32 samples, Peak.  35.7 us (25.8x), Avg.  1.38 us, Total. 44.25 us (0.0%)
[Performance] Application.EngineGraphics.Initialize                                                                          :        1 samples, Peak.  18.3 ms (1.0x), Avg.  18.3 ms, Total. 18.32 ms (0.4%)
[Performance] Application.GI.Initialize                                                                                      :        1 samples, Peak.   381 us (1.0x), Avg.   381 us, Total. 380.9 us (0.0%)
[Performance] Application.LoadAllDefaultResourcesFromEditor                                                                  :        1 samples, Peak.   671 us (1.0x), Avg.   671 us, Total. 670.7 us (0.0%)
[Performance] Application.LoadMonoAssemblies                                                                                 :        1 samples, Peak.   467 ms (1.0x), Avg.   467 ms, Total. 467.5 ms (9.5%)
[Performance] RestoreManagedReferences                                                                                       :        2 samples, Peak.  24.4 ms (2.0x), Avg.  12.2 ms, Total. 24.42 ms (0.5%)
[Performance] InitializeOnLoad DrivenRectTransformUndo                                                                       :        2 samples, Peak.   221 us (1.2x), Avg.   179 us, Total. 358.4 us (0.0%)
[Performance] InitializeOnLoad SceneSearch                                                                                   :        2 samples, Peak.  49.3 us (1.0x), Avg.  47.1 us, Total. 94.21 us (0.0%)
[Performance] InitializeOnLoad CloudBuild                                                                                    :        2 samples, Peak.  1.67 us (1.1x), Avg.  1.48 us, Total. 2.959 us (0.0%)
[Performance] InitializeOnLoad NativeFormatImporterUtility                                                                   :        2 samples, Peak.  1.11 ms (1.3x), Avg.   832 us, Total. 1.663 ms (0.0%)
[Performance] InitializeOnLoad SearchService                                                                                 :        2 samples, Peak.  55.2 us (1.2x), Avg.  46.1 us, Total. 92.29 us (0.0%)
[Performance] InitializeOnLoad SettingsService                                                                               :        2 samples, Peak.  4.62 us (1.0x), Avg.  4.42 us, Total. 8.833 us (0.0%)
[Performance] InitializeOnLoad WindowLayout                                                                                  :        2 samples, Peak.   113 us (1.2x), Avg.  96.4 us, Total. 192.7 us (0.0%)
[Performance] InitializeOnLoad AssetStoreContext                                                                             :        2 samples, Peak.  7.65 ms (1.6x), Avg.  4.72 ms, Total. 9.436 ms (0.2%)
[Performance] InitializeOnLoad PoolManager                                                                                   :        2 samples, Peak.   310 us (1.2x), Avg.   265 us, Total. 530.4 us (0.0%)
[Performance] InitializeOnLoad MixerEffectDefinitionReloader                                                                 :        2 samples, Peak.  1.17 ms (1.3x), Avg.   875 us, Total. 1.750 ms (0.0%)
[Performance] InitializeOnLoad ProjectSearch                                                                                 :        2 samples, Peak.  23.2 us (1.2x), Avg.  19.8 us, Total. 39.67 us (0.0%)
[Performance] InitializeOnLoad UISystemProfilerRenderService                                                                 :        2 samples, Peak.  4.83 us (1.1x), Avg.  4.23 us, Total. 8.459 us (0.0%)
[Performance] InitializeOnLoad EditMode                                                                                      :        2 samples, Peak.   178 us (1.2x), Avg.   146 us, Total. 292.0 us (0.0%)
[Performance] InitializeOnLoad UnityConnect                                                                                  :        2 samples, Peak.  21.6 us (1.2x), Avg.  18.4 us, Total. 36.83 us (0.0%)
[Performance] InitializeOnLoad ManagedDebugger                                                                               :        2 samples, Peak.   249 us (1.1x), Avg.   232 us, Total. 464.9 us (0.0%)
[Performance] InitializeOnLoad ShortcutIntegration                                                                           :        2 samples, Peak.  25.2 us (1.2x), Avg.  21.6 us, Total. 43.17 us (0.0%)
[Performance] InitializeOnLoad AddComponentWindow                                                                            :        2 samples, Peak.  48.4 us (1.1x), Avg.  42.2 us, Total. 84.42 us (0.0%)
[Performance] InitializeOnLoad ManagedDebuggerWindow                                                                         :        2 samples, Peak.  97.3 us (1.3x), Avg.  74.4 us, Total. 148.8 us (0.0%)
[Performance] InitializeOnLoad CacheServerWindow                                                                             :        2 samples, Peak.  4.13 us (1.0x), Avg.  4.08 us, Total. 8.167 us (0.0%)
[Performance] InitializeOnLoad PlayModeDownload                                                                              :        2 samples, Peak.  2.07 ms (2.0x), Avg.  1.06 ms, Total. 2.113 ms (0.0%)
[Performance] InitializeOnLoad MenuItems                                                                                     :        2 samples, Peak.  51.0 us (1.2x), Avg.  41.4 us, Total. 82.87 us (0.0%)
[Performance] InitializeOnLoad PrefabInstanceChangedListener                                                                 :        2 samples, Peak.  80.6 us (1.3x), Avg.  60.9 us, Total. 121.8 us (0.0%)
[Performance] InitializeOnLoad ObjectSelectorSearch                                                                          :        2 samples, Peak.  13.2 us (1.0x), Avg.  12.9 us, Total. 25.79 us (0.0%)
[Performance] InitializeOnLoad EditorMonitor                                                                                 :        2 samples, Peak.   266 us (1.1x), Avg.   244 us, Total. 488.8 us (0.0%)
[Performance] InitializeOnLoad RetainedMode                                                                                  :        2 samples, Peak.  1.04 ms (1.1x), Avg.   921 us, Total. 1.842 ms (0.0%)
[Performance] InitializeOnLoad EditorShaderLoader                                                                            :        2 samples, Peak.   332 us (1.3x), Avg.   262 us, Total. 523.2 us (0.0%)
[Performance] InitializeOnLoad EditorDelegateRegistration                                                                    :        2 samples, Peak.   237 us (1.1x), Avg.   213 us, Total. 425.8 us (0.0%)
[Performance] InitializeOnLoad UIDocumentHierarchyWatcher                                                                    :        2 samples, Peak.  36.3 us (1.3x), Avg.  28.6 us, Total. 57.13 us (0.0%)
[Performance] InitializeOnLoad LiveReloadTrackerCreator                                                                      :        2 samples, Peak.  93.0 us (1.1x), Avg.  81.2 us, Total. 162.4 us (0.0%)
[Performance] InitializeOnLoad UxmlObjectEditorFactories                                                                     :        2 samples, Peak.   197 us (1.0x), Avg.   197 us, Total. 393.1 us (0.0%)
[Performance] InitializeOnLoad UXMLEditorFactories                                                                           :        2 samples, Peak.  20.2 ms (1.0x), Avg.  19.3 ms, Total. 38.68 ms (0.8%)
[Performance] InitializeOnLoad PurchasingService                                                                             :        2 samples, Peak.  2.74 ms (1.1x), Avg.  2.55 ms, Total. 5.108 ms (0.1%)
[Performance] InitializeOnLoad CloudBuildPoller                                                                              :        2 samples, Peak.  40.8 us (1.1x), Avg.  38.7 us, Total. 77.37 us (0.0%)
[Performance] InitializeOnLoad EditorGameServicesAnalytics                                                                   :        2 samples, Peak.   419 us (1.1x), Avg.   383 us, Total. 766.3 us (0.0%)
[Performance] InitializeOnLoad AnalyticsService                                                                              :        2 samples, Peak.  62.6 us (1.0x), Avg.  61.8 us, Total. 123.6 us (0.0%)
[Performance] InitializeOnLoad BuildService                                                                                  :        2 samples, Peak.  52.1 us (1.0x), Avg.  51.0 us, Total. 102.0 us (0.0%)
[Performance] InitializeOnLoad AdsService                                                                                    :        2 samples, Peak.   131 us (1.0x), Avg.   128 us, Total. 256.6 us (0.0%)
[Performance] InitializeOnLoad UDPService                                                                                    :        2 samples, Peak.  50.3 us (1.0x), Avg.  49.6 us, Total. 99.29 us (0.0%)
[Performance] InitializeOnLoad CrashService                                                                                  :        2 samples, Peak.  94.9 us (1.3x), Avg.  72.4 us, Total. 144.9 us (0.0%)
[Performance] InitializeOnLoad ServicesRepository                                                                            :        2 samples, Peak.   167 ns (1.3x), Avg.   125 ns, Total. 250.0 ns (0.0%)
[Performance] InitializeOnLoad SearchWindow                                                                                  :        2 samples, Peak.  48.5 us (1.1x), Avg.  43.4 us, Total. 86.79 us (0.0%)
[Performance] InitializeOnLoad CustomIndexers                                                                                :        2 samples, Peak.  7.76 ms (1.2x), Avg.  6.56 ms, Total. 13.13 ms (0.3%)
[Performance] InitializeOnLoad SearchMonitor                                                                                 :        2 samples, Peak.   441 us (1.2x), Avg.   357 us, Total. 714.5 us (0.0%)
[Performance] InitializeOnLoad ParameterControllerEditor                                                                     :        2 samples, Peak.  12.2 us (1.3x), Avg.  9.67 us, Total. 19.33 us (0.0%)
[Performance] InitializeOnLoad LayerSettingsWindow                                                                           :        2 samples, Peak.  15.1 us (1.8x), Avg.  8.52 us, Total. 17.04 us (0.0%)
[Performance] InitializeOnLoad PackageManagerHookGUIDConverter.RegisterPackagesEventHandler                                  :        2 samples, Peak.   289 us (1.7x), Avg.   172 us, Total. 344.8 us (0.0%)
[Performance] InitializeOnLoad EditorDragAndDrop.RegisterEditorClient                                                        :        2 samples, Peak.  85.8 us (1.1x), Avg.  76.3 us, Total. 152.5 us (0.0%)
[Performance] InitializeOnLoad EditorEventCallbacks.InitializeFontAssetResourceChangeCallBacks                               :        2 samples, Peak.   468 us (1.1x), Avg.   423 us, Total. 846.8 us (0.0%)
[Performance] InitializeOnLoad SceneTemplateService.Init                                                                     :        2 samples, Peak.   466 us (1.1x), Avg.   439 us, Total. 877.7 us (0.0%)
[Performance] InitializeOnLoad DiagnosticSwitchesConsoleMessage.Init                                                         :        2 samples, Peak.  1.18 ms (1.5x), Avg.   773 us, Total. 1.546 ms (0.0%)
[Performance] InitializeOnLoad MemoryProfilerCompilationGuard.InjectCompileGuard                                             :        2 samples, Peak.  52.0 us (1.0x), Avg.  51.7 us, Total. 103.4 us (0.0%)
[Performance] InitializeOnLoad EditorWindow.Initialize                                                                       :        2 samples, Peak.  80.2 us (1.0x), Avg.  78.9 us, Total. 157.7 us (0.0%)
[Performance] InitializeOnLoad AssetPostprocessingInternal.RefreshCustomDependencies                                         :        2 samples, Peak.  1.12 ms (1.5x), Avg.   767 us, Total. 1.534 ms (0.0%)
[Performance] InitializeOnLoad SysrootManager.Initialize                                                                     :        2 samples, Peak.   169 us (1.1x), Avg.   158 us, Total. 316.8 us (0.0%)
[Performance] InitializeOnLoad PackageManagerWindow.EditorInitializedInSafeMode                                              :        2 samples, Peak.  9.25 ms (2.0x), Avg.  4.64 ms, Total. 9.288 ms (0.2%)
[Performance] InitializeOnLoad ToolShortcutContext.Init                                                                      :        2 samples, Peak.  49.4 us (1.1x), Avg.  44.0 us, Total. 87.96 us (0.0%)
[Performance] InitializeOnLoad SceneVisibilityManager.Initialize                                                             :        2 samples, Peak.   983 us (1.5x), Avg.   647 us, Total. 1.294 ms (0.0%)
[Performance] InitializeOnLoad ScopedRegistryAddedPopup.SubscribeToRegistriesAdded                                           :        2 samples, Peak.  2.74 ms (2.0x), Avg.  1.38 ms, Total. 2.764 ms (0.1%)
[Performance] AssemblyReloadEvents.afterAssemblyReload: UnityEditor.SceneTemplate.SceneTemplateService.AfterAssemblyReload   :        2 samples, Peak.  1.13 ms (1.8x), Avg.   614 us, Total. 1.227 ms (0.0%)
[Performance] ProcessService.EditorAfterLoadAllAssemblies                                                                    :        2 samples, Peak.   111 us (1.1x), Avg.  96.9 us, Total. 193.8 us (0.0%)
[Performance] Application.ReadLicenseInfo                                                                                    :        1 samples, Peak.  11.3 ms (1.0x), Avg.  11.3 ms, Total. 11.31 ms (0.2%)
[Performance] Application.InitialRefresh                                                                                     :        1 samples, Peak.  1.68 s (1.0x), Avg.  1.68 s, Total. 1.675 s (34.2%)
[Performance] ShaderImporter.SourceAssetModified                                                                             :        2 samples, Peak.   500 ns (1.4x), Avg.   354 ns, Total. 708.0 ns (0.0%)
[Performance] ShaderIncludeImporter.SourceAssetModified                                                                      :        2 samples, Peak.   375 ns (1.1x), Avg.   355 ns, Total. 709.0 ns (0.0%)
[Performance] Compiling Scripts                                                                                              :        1 samples, Peak.  1.38 s (1.0x), Avg.  1.38 s, Total. 1.379 s (28.1%)
[Performance] AssemblyReloadEvents.beforeAssemblyReload: UnityEditor.SceneTemplate.SceneTemplateService.BeforeAssemblyReload :        1 samples, Peak.   178 us (1.0x), Avg.   178 us, Total. 177.7 us (0.0%)
[Performance] PresetManagerPostProcessor.OnPreprocessAsset                                                                   :        1 samples, Peak.   405 us (1.0x), Avg.   405 us, Total. 405.0 us (0.0%)
[Performance] CancelSplashScreenOnAssetChange.OnPreprocessAsset                                                              :        1 samples, Peak.  40.8 us (1.0x), Avg.  40.8 us, Total. 40.75 us (0.0%)
[Performance] InitializeOnLoad PrefabLayoutRebuilder                                                                         :        1 samples, Peak.  95.7 us (1.0x), Avg.  95.7 us, Total. 95.75 us (0.0%)
[Performance] DidReloadScriptsAdvancedDropdownWindow.OnScriptReload                                                          :        1 samples, Peak.  68.6 us (1.0x), Avg.  68.6 us, Total. 68.62 us (0.0%)
[Performance] AssetDatabase.ImportAssets                                                                                     :        3 samples, Peak.   334 ns (2.4x), Avg.   139 ns, Total. 418.0 ns (0.0%)
[Performance] VersionControl.Task.Wait                                                                                       :        1 samples, Peak.  3.00 us (1.0x), Avg.  3.00 us, Total. 3.000 us (0.0%)
[Performance] BuilderAssetPostprocessor.OnPostprocessAllAssets                                                               :        2 samples, Peak.  1.65 ms (1.0x), Avg.  1.62 ms, Total. 3.241 ms (0.1%)
[Performance] ArtifactBrowserPostProcessor.OnPostprocessAllAssets                                                            :        2 samples, Peak.   184 us (1.0x), Avg.   184 us, Total. 367.7 us (0.0%)
[Performance] AssetEvents.OnPostprocessAllAssets                                                                             :        4 samples, Peak.  61.2 us (1.5x), Avg.  39.7 us, Total. 158.8 us (0.0%)
[Performance] AudioMixerPostprocessor.OnPostprocessAllAssets                                                                 :        2 samples, Peak.  98.7 us (1.0x), Avg.  98.0 us, Total. 196.0 us (0.0%)
[Performance] StyleCatalogPostProcessor.OnPostprocessAllAssets                                                               :        2 samples, Peak.  6.17 ms (1.0x), Avg.  6.17 ms, Total. 12.34 ms (0.3%)
[Performance] BuildCatalog                                                                                                   :        1 samples, Peak.  5.78 ms (1.0x), Avg.  5.78 ms, Total. 5.780 ms (0.1%)
[Performance] ModelImporterPostProcessor.OnPostprocessAllAssets                                                              :        2 samples, Peak.   345 us (1.0x), Avg.   344 us, Total. 688.9 us (0.0%)
[Performance] RetainedModeAssetPostprocessor.OnPostprocessAllAssets                                                          :        2 samples, Peak.   708 us (1.0x), Avg.   708 us, Total. 1.416 ms (0.0%)
[Performance] AssetChangedListener.OnPostprocessAllAssets                                                                    :        2 samples, Peak.   633 us (1.0x), Avg.   633 us, Total. 1.265 ms (0.0%)
[Performance] SpeedTreePostProcessor.OnPostprocessAllAssets                                                                  :        2 samples, Peak.  73.8 us (1.0x), Avg.  73.2 us, Total. 146.3 us (0.0%)
[Performance] TextAssetPostProcessor.OnPostprocessAllAssets                                                                  :        2 samples, Peak.   144 us (1.0x), Avg.   143 us, Total. 286.9 us (0.0%)
[Performance] SyncVS.PostprocessSyncProject                                                                                  :        1 samples, Peak.   899 us (1.0x), Avg.   899 us, Total. 899.3 us (0.0%)
[Performance] Application.ImportPackagesAndSetTemplateWhenCreatingProject                                                    :        1 samples, Peak.  9.61 ms (1.0x), Avg.  9.61 ms, Total. 9.612 ms (0.2%)
[Performance] Application.SyncCurrentColorSpace                                                                              :        1 samples, Peak.  51.7 ms (1.0x), Avg.  51.7 ms, Total. 51.71 ms (1.1%)
[Performance] Application.OnUsbDevicesChanged                                                                                :        1 samples, Peak.  34.9 us (1.0x), Avg.  34.9 us, Total. 34.88 us (0.0%)
[Performance] Application.AssetInstanceCacheUpdate                                                                           :        1 samples, Peak.   167 ns (1.0x), Avg.   167 ns, Total. 167.0 ns (0.0%)
[Performance] Application.UnityExtensions.Initialize                                                                         :        1 samples, Peak.   237 us (1.0x), Avg.   237 us, Total. 236.8 us (0.0%)
[Performance] CodeEditorProjectSync.SyncEditorProject                                                                        :        1 samples, Peak.  21.7 us (1.0x), Avg.  21.7 us, Total. 21.67 us (0.0%)
[Performance] Application.ExecuteStartups                                                                                    :        1 samples, Peak.  25.0 ms (1.0x), Avg.  25.0 ms, Total. 24.96 ms (0.5%)
[Performance] Menu.RegisterMenuInterface                                                                                     :       26 samples, Peak.   208 ns (3.5x), Avg.  59.2 ns, Total. 1.540 us (0.0%)
[Performance] Gizmo.RebuildRenderers                                                                                         :        1 samples, Peak.  24.9 ms (1.0x), Avg.  24.9 ms, Total. 24.85 ms (0.5%)
[Performance] Gizmo.AddGizmoRenderers                                                                                        :       30 samples, Peak.   705 us (21.3x), Avg.  33.0 us, Total. 991.2 us (0.0%)
[Performance] Application.editorInitializingProject                                                                          :        1 samples, Peak.  12.2 ms (1.0x), Avg.  12.2 ms, Total. 12.24 ms (0.2%)
[Performance] Application.InitializeMenu                                                                                     :        1 samples, Peak.  15.5 ms (1.0x), Avg.  15.5 ms, Total. 15.45 ms (0.3%)
[Performance] Menu.RebuildAll                                                                                                :        1 samples, Peak.  15.4 ms (1.0x), Avg.  15.4 ms, Total. 15.45 ms (0.3%)
[Performance] Menu.BuildRegisteredMenuInterfaces                                                                             :        1 samples, Peak.  14.1 ms (1.0x), Avg.  14.1 ms, Total. 14.10 ms (0.3%)
[Performance] Menu.FilterMenuItem                                                                                            :      455 samples, Peak.  6.18 ms (451.6x), Avg.  13.7 us, Total. 6.225 ms (0.1%)
[Performance] UpdateAllMenus                                                                                                 :        1 samples, Peak.   188 us (1.0x), Avg.   188 us, Total. 188.3 us (0.0%)
[Performance] EditorSceneManager.sceneClosing: UnityEditor.SceneVisibilityManager.EditorSceneManagerOnSceneClosing           :        1 samples, Peak.  87.4 us (1.0x), Avg.  87.4 us, Total. 87.42 us (0.0%)
[Performance] GUIView.RepaintAll.PlayerLoopController                                                                        :        1 samples, Peak.   375 ns (1.0x), Avg.   375 ns, Total. 375.0 ns (0.0%)
[Performance] EditorSceneManager.newSceneCreated: UnityEditor.SceneTemplate.SceneTemplateService.OnNewSceneCreated           :        1 samples, Peak.  94.5 us (1.0x), Avg.  94.5 us, Total. 94.54 us (0.0%)
[Performance] EditorSceneManager.newSceneCreated: UnityEditor.SceneVisibilityManager.EditorSceneManagerOnNewSceneCreated     :        1 samples, Peak.  63.3 us (1.0x), Avg.  63.3 us, Total. 63.33 us (0.0%)
[Performance] EditorSceneManager.newSceneCreated: UnityEditor.SceneManagement.StageNavigationManager.OnNewSceneCreated       :        1 samples, Peak.  20.7 us (1.0x), Avg.  20.7 us, Total. 20.71 us (0.0%)
[Performance] Application.InvokeFinishedLoadingProject                                                                       :        1 samples, Peak.   375 us (1.0x), Avg.   375 us, Total. 375.1 us (0.0%)
[Performance] ProcessService.OnProjectLoaded                                                                                 :        1 samples, Peak.  19.2 us (1.0x), Avg.  19.2 us, Total. 19.17 us (0.0%)
[Performance] EditorApplication.quitting: callback in UnityEditor.TextCore.Text.EditorEventCallbacks                         :        1 samples, Peak.  1.44 ms (1.0x), Avg.  1.44 ms, Total. 1.438 ms (0.0%)
[Performance] Killing ADB server                                                                                             :        1 samples, Peak.  20.1 ms (1.0x), Avg.  20.1 ms, Total. 20.12 ms (0.4%)
[Performance] Application.Shutdown.PauseProfilerSession                                                                      :        1 samples, Peak.  32.5 us (1.0x), Avg.  32.5 us, Total. 32.50 us (0.0%)
[Performance] Application.Shutdown.PauseAssetImportWorkers                                                                   :        1 samples, Peak.  65.6 us (1.0x), Avg.  65.6 us, Total. 65.63 us (0.0%)
[Performance] Application.Shutdown.SaveAssets                                                                                :        1 samples, Peak.  2.06 ms (1.0x), Avg.  2.06 ms, Total. 2.062 ms (0.0%)
[Performance] BuilderAssetModificationProcessor.OnWillSaveAssets                                                             :        1 samples, Peak.   144 us (1.0x), Avg.   144 us, Total. 143.5 us (0.0%)
[Performance] TerrainModificationProcessor.OnWillSaveAssets                                                                  :        1 samples, Peak.   226 us (1.0x), Avg.   226 us, Total. 226.5 us (0.0%)
[Performance] Application.Shutdown.CleanupRenderPipeline                                                                     :        1 samples, Peak.  2.67 us (1.0x), Avg.  2.67 us, Total. 2.667 us (0.0%)
[Performance] Application.Shutdown.StopPreloadManager                                                                        :        1 samples, Peak.  11.0 ms (1.0x), Avg.  11.0 ms, Total. 11.02 ms (0.2%)
[Performance] Application.Shutdown.DestroyWorld                                                                              :        1 samples, Peak.   284 us (1.0x), Avg.   284 us, Total. 284.5 us (0.0%)
[Performance] Application.Shutdown.CleanupAfterLoad                                                                          :        1 samples, Peak.  1.04 ms (1.0x), Avg.  1.04 ms, Total. 1.041 ms (0.0%)
[Performance] Application.Shutdown.Progress                                                                                  :        1 samples, Peak.  5.42 us (1.0x), Avg.  5.42 us, Total. 5.417 us (0.0%)
[Performance] Application.Shutdown.GICleanupManagers                                                                         :        1 samples, Peak.   393 us (1.0x), Avg.   393 us, Total. 393.3 us (0.0%)
[Performance] Application.Shutdown.MenuCleanupClass                                                                          :        1 samples, Peak.  47.7 us (1.0x), Avg.  47.7 us, Total. 47.71 us (0.0%)
[Performance] Application.Shutdown.ADBSaveStateBeforeShutdown                                                                :        1 samples, Peak.  4.54 us (1.0x), Avg.  4.54 us, Total. 4.542 us (0.0%)
[Performance] Application.Shutdown.RemoteShutdown                                                                            :        1 samples, Peak.   459 ns (1.0x), Avg.   459 ns, Total. 459.0 ns (0.0%)
[Performance] Application.Shutdown.CleanupVCProvider                                                                         :        1 samples, Peak.  4.08 us (1.0x), Avg.  4.08 us, Total. 4.084 us (0.0%)
[Performance] Application.Shutdown.InputShutdown                                                                             :        1 samples, Peak.   127 us (1.0x), Avg.   127 us, Total. 126.9 us (0.0%)
[Performance] Application.Shutdown.GizmoManagerDestroy                                                                       :        1 samples, Peak.   325 us (1.0x), Avg.   325 us, Total. 324.6 us (0.0%)
[Performance] Application.Shutdown.ProfilerSession                                                                           :        1 samples, Peak.  67.2 us (1.0x), Avg.  67.2 us, Total. 67.25 us (0.0%)
[Performance] Application.Shutdown.ReleaseGfxWindowOnAllGUIViews                                                             :        1 samples, Peak.   833 ns (1.0x), Avg.   833 ns, Total. 833.0 ns (0.0%)
[Performance] Application.Shutdown.CleanupEngine                                                                             :        1 samples, Peak.   140 ms (1.0x), Avg.   140 ms, Total. 139.6 ms (2.8%)
[Performance] Application.Shutdown.CleanupAssetDatabase                                                                      :        1 samples, Peak.   516 us (1.0x), Avg.   516 us, Total. 516.0 us (0.0%)
[Performance] Application.Shutdown.ScriptCompilationCleanUp                                                                  :        1 samples, Peak.  8.04 us (1.0x), Avg.  8.04 us, Total. 8.042 us (0.0%)
[Performance] Application.Shutdown.DestroyJobSystem                                                                          :        1 samples, Peak.   147 us (1.0x), Avg.   147 us, Total. 146.6 us (0.0%)
[Performance] Application.Shutdown.CleanupPersistentManager                                                                  :        1 samples, Peak.   301 us (1.0x), Avg.   301 us, Total. 300.6 us (0.0%)
[Performance] Application.Shutdown.CleanupAsyncReadManager                                                                   :        1 samples, Peak.  35.6 us (1.0x), Avg.  35.6 us, Total. 35.58 us (0.0%)
[Performance] Application.Shutdown.CleanupMono                                                                               :        1 samples, Peak.  12.7 ms (1.0x), Avg.  12.7 ms, Total. 12.70 ms (0.3%)
[Performance] Application.Shutdown.CleanupStdConverters                                                                      :        1 samples, Peak.  6.67 us (1.0x), Avg.  6.67 us, Total. 6.667 us (0.0%)
[Performance] Application.Shutdown.UnloadAllPlatformSupportModuleNativeDlls                                                  :        1 samples, Peak.   292 ns (1.0x), Avg.   292 ns, Total. 292.0 ns (0.0%)
[Performance] Application.Shutdown.UnloadAllPlatformSupportNativeLibraries                                                   :        1 samples, Peak.  55.0 us (1.0x), Avg.  55.0 us, Total. 54.96 us (0.0%)
[Performance] Application.Shutdown.CleanupAutoDocumentation                                                                  :        1 samples, Peak.  64.9 us (1.0x), Avg.  64.9 us, Total. 64.88 us (0.0%)
[Performance] Application.Shutdown.ShaderNameManagerDestroy                                                                  :        1 samples, Peak.  15.9 us (1.0x), Avg.  15.9 us, Total. 15.87 us (0.0%)
[Performance] Application.Shutdown.CleanupCacheServer                                                                        :        1 samples, Peak.   125 ns (1.0x), Avg.   125 ns, Total. 125.0 ns (0.0%)
[Performance] Application.Shutdown.Virtualization_Shutdown                                                                   :        1 samples, Peak.   125 ns (1.0x), Avg.   125 ns, Total. 125.0 ns (0.0%)
[Performance] Application.Shutdown.DevConnections                                                                            :        1 samples, Peak.  42.9 us (1.0x), Avg.  42.9 us, Total. 42.92 us (0.0%)
Exiting batchmode successfully now!
[Package Manager] Server::Kill -- Server was shutdown
