Unity Editor version:    2022.3.62f3c1 (1623fc0bbb97)
Branch:                  2022.3/china_unity/release
Build type:              Release
Batch mode:              YES
macOS version:           Version 26.6.2 (Build 25G83)
Darwin version:          25.6.0
Architecture:            arm64
Running under Rosetta:   NO
Available memory:        24576 MB
[Licensing::Module] Trying to connect to existing licensing client channel...
[Licensing::IpcConnector] Channel LicenseClient-tangluyi doesn't exist
Launching external process: /Applications/Unity/Hub/Editor/2022.3.62f3c1/Unity.app/Contents/Frameworks/UnityLicensingClient.app/Contents/MacOS/Unity.Licensing.Client
[Licensing::Module] Successfully launched the LicensingClient (PId: 52299)
[Licensing::IpcConnector] Successfully connected to: "LicenseClient-tangluyi" at "2026-09-20T05:53:03.707517Z"
[Licensing::Client] Code 1 while verifying Licensing Client signature (process Id: 52299, path: "/Applications/Unity/Hub/Editor/2022.3.62f3c1/Unity.app/Contents/Frameworks/UnityLicensingClient.app/Contents/MacOS/Unity.Licensing.Client")
[Licensing::Module] LicensingClient has failed validation; ignoring
[Licensing::Client] Handshaking with LicensingClient:
  Version:                 1.16.2+bdef8f5
  Session Id:              88dcf07027b946b68082b8af12e9b878
  Correlation Id:          89844a418ab2ab27934aaa63c5d26eb0
  External correlation Id: 1111163175448935962
  Machine Id:              M6aE25DqX33z0Pr8mgpVRQHSa18=
[Licensing::Module] Successfully connected to LicensingClient on channel: "LicenseClient-tangluyi" (connect: 0.60s, validation: 0.04s, handshake: 0.01s)
[Licensing::IpcConnector] Successfully connected to: "LicenseClient-tangluyi-notifications" at "2026-09-20T05:53:03.758937Z"
[Licensing::Module] Connected to LicensingClient (PId: 52299, launch time: 0.00, total connection time: 0.65s)
[Licensing::Module] Error: Access token is unavailable; failed to update
[Licensing::Client] Successfully updated license
[Licensing::Client] Successfully resolved entitlement details
[Licensing::Module] Serial number assigned to: "F4-2F9M-RDAW-5X8V-RWMT-XXXX"
Pro License: NO
[Licensing::Client] Successfully resolved entitlement details
Launching external process: /Applications/Unity/Hub/Editor/2022.3.62f3c1/Unity.app/Contents/Resources/PackageManager/Server/UnityPackageManager

COMMAND LINE ARGUMENTS:
/Applications/Unity/Hub/Editor/2022.3.62f3c1/Unity.app/Contents/MacOS/Unity
-batchmode
-quit
-projectPath
/Users/tangluyi/WorkBuddy/2026-09-19-11-16-44/UnityProjectInspector/experiments/M14_RuntimeActionFixture
-executeMethod
M14_Setup.InitializeScenes
-logFile
/Users/tangluyi/WorkBuddy/2026-09-19-11-16-44/UnityProjectInspector/experiments/M14_RuntimeActionFixture/m14_setup.log
Successfully changed project path to: /Users/tangluyi/WorkBuddy/2026-09-19-11-16-44/UnityProjectInspector/experiments/M14_RuntimeActionFixture
/Users/tangluyi/WorkBuddy/2026-09-19-11-16-44/UnityProjectInspector/experiments/M14_RuntimeActionFixture
[UnityMemory] Configuration Parameters - Can be set up in boot.config
    "memorysetup-bucket-allocator-granularity=16"
    "memorysetup-bucket-allocator-bucket-count=8"
    "memorysetup-bucket-allocator-block-size=33554432"
    "memorysetup-bucket-allocator-block-count=8"
    "memorysetup-main-allocator-block-size=16777216"
    "memorysetup-thread-allocator-block-size=16777216"
    "memorysetup-gfx-main-allocator-block-size=16777216"
    "memorysetup-gfx-thread-allocator-block-size=16777216"
    "memorysetup-cache-allocator-block-size=4194304"
    "memorysetup-typetree-allocator-block-size=2097152"
    "memorysetup-profiler-bucket-allocator-granularity=16"
    "memorysetup-profiler-bucket-allocator-bucket-count=8"
    "memorysetup-profiler-bucket-allocator-block-size=33554432"
    "memorysetup-profiler-bucket-allocator-block-count=8"
    "memorysetup-profiler-allocator-block-size=16777216"
    "memorysetup-profiler-editor-allocator-block-size=1048576"
    "memorysetup-temp-allocator-size-main=16777216"
    "memorysetup-job-temp-allocator-block-size=2097152"
    "memorysetup-job-temp-allocator-block-size-background=1048576"
    "memorysetup-job-temp-allocator-reduction-small-platforms=262144"
    "memorysetup-allocator-temp-initial-block-size-main=262144"
    "memorysetup-allocator-temp-initial-block-size-worker=262144"
    "memorysetup-temp-allocator-size-background-worker=32768"
    "memorysetup-temp-allocator-size-job-worker=262144"
    "memorysetup-temp-allocator-size-preload-manager=33554432"
    "memorysetup-temp-allocator-size-nav-mesh-worker=65536"
    "memorysetup-temp-allocator-size-audio-worker=65536"
    "memorysetup-temp-allocator-size-cloud-worker=32768"
    "memorysetup-temp-allocator-size-gi-baking-worker=262144"
    "memorysetup-temp-allocator-size-gfx=262144"
Player connection [8370610560]  Target information:

Player connection [8370610560]  * "[IP] 192.168.100.199 [Port] 55504 [Flags] 2 [Guid] 3439725832 [EditorId] 3439725832 [Version] 1048832 [Id] OSXEditor(0,bogon) [Debug] 1 [PackageName] OSXEditor [ProjectName] Editor" 

Player connection [8370610560] Host joined multi-casting on [225.0.0.222:54997]...
Player connection [8370610560] Host joined alternative multi-casting on [225.0.0.222:34997]...
Input System module state changed to: Initialized.
[PhysX] Initialized MultithreadedTaskDispatcher with 10 workers.
[Package Manager] UpmClient::Connect -- Connected to IPC stream "Upm-52298" after 0.3 seconds.
[Package Manager] Restoring resolved packages state from cache
[Licensing::Client] Successfully resolved entitlement details
[Package Manager] Registered 12 packages:
  Built-in packages:
    com.unity.modules.ai@1.0.0 (location: /Users/tangluyi/WorkBuddy/2026-09-19-11-16-44/UnityProjectInspector/experiments/M14_RuntimeActionFixture/Library/PackageCache/com.unity.modules.ai@1.0.0)
    com.unity.modules.animation@1.0.0 (location: /Users/tangluyi/WorkBuddy/2026-09-19-11-16-44/UnityProjectInspector/experiments/M14_RuntimeActionFixture/Library/PackageCache/com.unity.modules.animation@1.0.0)
    com.unity.modules.audio@1.0.0 (location: /Users/tangluyi/WorkBuddy/2026-09-19-11-16-44/UnityProjectInspector/experiments/M14_RuntimeActionFixture/Library/PackageCache/com.unity.modules.audio@1.0.0)
    com.unity.modules.imgui@1.0.0 (location: /Users/tangluyi/WorkBuddy/2026-09-19-11-16-44/UnityProjectInspector/experiments/M14_RuntimeActionFixture/Library/PackageCache/com.unity.modules.imgui@1.0.0)
    com.unity.modules.physics@1.0.0 (location: /Users/tangluyi/WorkBuddy/2026-09-19-11-16-44/UnityProjectInspector/experiments/M14_RuntimeActionFixture/Library/PackageCache/com.unity.modules.physics@1.0.0)
    com.unity.modules.ui@1.0.0 (location: /Users/tangluyi/WorkBuddy/2026-09-19-11-16-44/UnityProjectInspector/experiments/M14_RuntimeActionFixture/Library/PackageCache/com.unity.modules.ui@1.0.0)
    com.unity.modules.uielements@1.0.0 (location: /Users/tangluyi/WorkBuddy/2026-09-19-11-16-44/UnityProjectInspector/experiments/M14_RuntimeActionFixture/Library/PackageCache/com.unity.modules.uielements@1.0.0)
    com.unity.modules.unityanalytics@1.0.0 (location: /Users/tangluyi/WorkBuddy/2026-09-19-11-16-44/UnityProjectInspector/experiments/M14_RuntimeActionFixture/Library/PackageCache/com.unity.modules.unityanalytics@1.0.0)
    com.unity.modules.unitywebrequest@1.0.0 (location: /Users/tangluyi/WorkBuddy/2026-09-19-11-16-44/UnityProjectInspector/experiments/M14_RuntimeActionFixture/Library/PackageCache/com.unity.modules.unitywebrequest@1.0.0)
    com.unity.modules.video@1.0.0 (location: /Users/tangluyi/WorkBuddy/2026-09-19-11-16-44/UnityProjectInspector/experiments/M14_RuntimeActionFixture/Library/PackageCache/com.unity.modules.video@1.0.0)
    com.unity.ugui@1.0.0 (location: /Users/tangluyi/WorkBuddy/2026-09-19-11-16-44/UnityProjectInspector/experiments/M14_RuntimeActionFixture/Library/PackageCache/com.unity.ugui@1.0.0)
    com.unity.modules.jsonserialize@1.0.0 (location: /Users/tangluyi/WorkBuddy/2026-09-19-11-16-44/UnityProjectInspector/experiments/M14_RuntimeActionFixture/Library/PackageCache/com.unity.modules.jsonserialize@1.0.0)
[Subsystems] No new subsystems found in resolved package list.
Package Manager log level set to [2]
[Package Manager] Done registering packages in 0.12 seconds
Refreshing native plugins compatible for Editor in 0.00 ms, found 0 plugins.
Preloading 0 native plugins for Editor in 0.00 ms.
Initialize engine version: 2022.3.62f3c1 (1623fc0bbb97)
[Subsystems] Discovering subsystems at path /Applications/Unity/Hub/Editor/2022.3.62f3c1/Unity.app/Contents/Resources/UnitySubsystems
[Subsystems] Discovering subsystems at path /Users/tangluyi/WorkBuddy/2026-09-19-11-16-44/UnityProjectInspector/experiments/M14_RuntimeActionFixture/Assets
GfxDevice: creating device client; threaded=0; jobified=0
 preferred device: Apple M5 (high power)
Metal devices available: 1
0: Apple M5 (high power)
Using device Apple M5 (high power)
Initializing Metal device caps: Apple M5
[Licensing::Client] Successfully resolved entitlement details
Initialize mono
Mono path[0] = '/Applications/Unity/Hub/Editor/2022.3.62f3c1/Unity.app/Contents/Managed'
Mono path[1] = '/Applications/Unity/Hub/Editor/2022.3.62f3c1/Unity.app/Contents/MonoBleedingEdge/lib/mono/unityjit-macos'
Mono config path = '/Applications/Unity/Hub/Editor/2022.3.62f3c1/Unity.app/Contents/MonoBleedingEdge/etc'
Using monoOptions --debugger-agent=transport=dt_socket,embedding=1,server=y,suspend=n,address=127.0.0.1:56298
Using cacheserver namespaces - metadata:defaultmetadata, artifacts:defaultartifacts
Using cacheserver namespaces - metadata:defaultmetadata, artifacts:defaultartifacts
ImportWorker Server TCP listen port: 0
Begin MonoManager ReloadAssembly
Registering precompiled unity dll's ...
Register platform support module: /Applications/Unity/Hub/Editor/2022.3.62f3c1/Unity.app/Contents/PlaybackEngines/MacStandaloneSupport/UnityEditor.OSXStandalone.Extensions.dll
[Licensing::Client] Successfully resolved entitlement details
Register platform support module: /Applications/Unity/Hub/Editor/2022.3.62f3c1/PlaybackEngines/AndroidPlayer/UnityEditor.Android.Extensions.dll
[Licensing::Client] Successfully resolved entitlement details
Register platform support module: /Applications/Unity/Hub/Editor/2022.3.62f3c1/PlaybackEngines/iOSSupport/UnityEditor.iOS.Extensions.dll
Register platform support module: /Applications/Unity/Hub/Editor/2022.3.62f3c1/PlaybackEngines/WindowsStandaloneSupport/UnityEditor.WindowsStandalone.Extensions.dll
Registered in 0.022599 seconds.
- Loaded All Assemblies, in  0.140 seconds
Native extension for WindowsStandalone target not found
[usbmuxd] Start listen thread
[usbmuxd] Listen thread started
[usbmuxd] Send listen message
Native extension for iOS target not found
Native extension for Android target not found
Android Extension - Scanning For ADB Devices 158 ms
Native extension for OSXStandalone target not found
Mono: successfully reloaded assembly
- Finished resetting the current domain, in  0.288 seconds
Domain Reload Profiling: 428ms
	BeginReloadAssembly (28ms)
		ExecutionOrderSort (0ms)
		DisableScriptedObjects (0ms)
		BackupInstance (0ms)
		ReleaseScriptingObjects (0ms)
		CreateAndSetChildDomain (0ms)
	RebuildCommonClasses (12ms)
	RebuildNativeTypeToScriptingClass (4ms)
	initialDomainReloadingComplete (39ms)
	LoadAllAssembliesAndSetupDomain (57ms)
		LoadAssemblies (28ms)
		RebuildTransferFunctionScriptingTraits (0ms)
		AnalyzeDomain (56ms)
			TypeCache.Refresh (55ms)
				TypeCache.ScanAssembly (50ms)
			ScanForSourceGeneratedMonoScriptInfo (0ms)
			ResolveRequiredComponents (0ms)
	FinalizeReload (288ms)
		ReleaseScriptCaches (0ms)
		RebuildScriptCaches (0ms)
		SetupLoadedEditorAssemblies (271ms)
			LogAssemblyErrors (0ms)
			InitializePlatformSupportModulesInManaged (215ms)
			SetLoadedEditorAssemblies (2ms)
			RefreshPlugins (0ms)
			BeforeProcessingInitializeOnLoad (1ms)
			ProcessInitializeOnLoadAttributes (39ms)
			ProcessInitializeOnLoadMethodAttributes (14ms)
			AfterProcessingInitializeOnLoad (0ms)
			EditorAssembliesLoaded (0ms)
		ExecutionOrderSort2 (0ms)
		AwakeInstancesAfterBackupRestoration (0ms)
[Licensing::Client] Successfully resolved entitlement details
Application.AssetDatabase Initial Refresh Start
[40m[32minfo[39m[22m[49m: Microsoft.Hosting.Lifetime[14]
      Now listening on: http://unix:/tmp/ilpp.sock-5ee68461a35d61c797799dd6586a57db
[40m[32minfo[39m[22m[49m: Microsoft.Hosting.Lifetime[0]
      Application started. Press Ctrl+C to shut down.
[40m[32minfo[39m[22m[49m: Microsoft.Hosting.Lifetime[0]
      Hosting environment: Production
[40m[32minfo[39m[22m[49m: Microsoft.Hosting.Lifetime[0]
      Content root path: /Users/tangluyi/WorkBuddy/2026-09-19-11-16-44/UnityProjectInspector/experiments/M14_RuntimeActionFixture/
[40m[32minfo[39m[22m[49m: Microsoft.AspNetCore.Hosting.Diagnostics[1]
      Request starting HTTP/2 POST http://ilpp/UnityILPP.PostProcessing/Ping application/grpc -
[40m[32minfo[39m[22m[49m: Microsoft.AspNetCore.Routing.EndpointMiddleware[0]
      Executing endpoint 'gRPC - /UnityILPP.PostProcessing/Ping'
[40m[32minfo[39m[22m[49m: Microsoft.AspNetCore.Routing.EndpointMiddleware[1]
      Executed endpoint 'gRPC - /UnityILPP.PostProcessing/Ping'
[40m[32minfo[39m[22m[49m: Microsoft.AspNetCore.Hosting.Diagnostics[2]
      Request finished HTTP/2 POST http://ilpp/UnityILPP.PostProcessing/Ping application/grpc - - 200 - application/grpc 16.3247ms
Starting: /Applications/Unity/Hub/Editor/2022.3.62f3c1/Unity.app/Contents/bee_backend --ipc --defer-dag-verification --dagfile="Library/Bee/200b0aE.dag" --continue-on-failure --profile="Library/Bee/backend1.traceevents" ScriptAssemblies
WorkingDir: /Users/tangluyi/WorkBuddy/2026-09-19-11-16-44/UnityProjectInspector/experiments/M14_RuntimeActionFixture
DisplayProgressbar: Compiling Scripts
ExitCode: 0 Duration: 0s26ms
*** Tundra build success (0.02 seconds), 0 items updated, 130 evaluated
Total cache size 1985824
Total cache size after purge 1985824
AssetDatabase: script compilation time: 0.278151s
Begin MonoManager ReloadAssembly
- Loaded All Assemblies, in  0.075 seconds
Refreshing native plugins compatible for Editor in 0.00 ms, found 0 plugins.
Preloading 0 native plugins for Editor in 0.00 ms.
Refreshing native plugins compatible for Editor in 0.00 ms, found 0 plugins.
Native extension for WindowsStandalone target not found
Native extension for iOS target not found
Native extension for Android target not found
Native extension for OSXStandalone target not found
Mono: successfully reloaded assembly
- Finished resetting the current domain, in  0.113 seconds
Domain Reload Profiling: 187ms
	BeginReloadAssembly (42ms)
		ExecutionOrderSort (0ms)
		DisableScriptedObjects (2ms)
		BackupInstance (0ms)
		ReleaseScriptingObjects (0ms)
		CreateAndSetChildDomain (9ms)
	RebuildCommonClasses (12ms)
	RebuildNativeTypeToScriptingClass (4ms)
	initialDomainReloadingComplete (7ms)
	LoadAllAssembliesAndSetupDomain (10ms)
		LoadAssemblies (23ms)
		RebuildTransferFunctionScriptingTraits (0ms)
		AnalyzeDomain (8ms)
			TypeCache.Refresh (7ms)
				TypeCache.ScanAssembly (4ms)
			ScanForSourceGeneratedMonoScriptInfo (0ms)
			ResolveRequiredComponents (1ms)
	FinalizeReload (113ms)
		ReleaseScriptCaches (0ms)
		RebuildScriptCaches (0ms)
		SetupLoadedEditorAssemblies (67ms)
			LogAssemblyErrors (0ms)
			InitializePlatformSupportModulesInManaged (10ms)
			SetLoadedEditorAssemblies (2ms)
			RefreshPlugins (0ms)
			BeforeProcessingInitializeOnLoad (9ms)
			ProcessInitializeOnLoadAttributes (39ms)
			ProcessInitializeOnLoadMethodAttributes (6ms)
			AfterProcessingInitializeOnLoad (1ms)
			EditorAssembliesLoaded (0ms)
		ExecutionOrderSort2 (0ms)
		AwakeInstancesAfterBackupRestoration (1ms)
Asset Pipeline Refresh (id=c5ce4be5e8d3449619c24bff1da22c2a): Total: 0.527 seconds - Initiated by InitialRefreshV2(ForceSynchronousImport)
	Summary:
		Imports: total=0 (actual=0, local cache=0, cache server=0)
		Asset DB Process Time: managed=0 ms, native=51 ms
		Asset DB Callback time: managed=4 ms, native=0 ms
		Scripting: domain reloads=1, domain reload time=190 ms, compile time=279 ms, other=1 ms
		Project Asset Count: scripts=324, non-scripts=18
		Asset File Changes: new=0, changed=0, moved=0, deleted=0
		Scan Filter Count: 1
	InvokeBeforeRefreshCallbacks: 0.122ms
	ApplyChangesToAssetFolders: 0.014ms
	Scan: 10.499ms
	OnSourceAssetsModified: 0.000ms
	GetAllGuidsForCategorization: 0.012ms
	CategorizeAssets: 1.353ms
	ImportOutOfDateAssets: 113.282ms (-165.894ms without children)
		CompileScripts: 278.812ms
		ReloadNativeAssets: 0.000ms
		UnloadImportedAssets: 0.273ms
		EnsureUptoDateAssetsAreRegisteredWithGuidPM: 0.041ms
		InitializingProgressBar: 0.000ms
		PostProcessAllAssetNotificationsAddChangedAssets: 0.000ms
		OnDemandSchedulerStart: 0.050ms
	PostProcessAllAssets: 4.454ms
	GatherAllCurrentPrimaryArtifactRevisions: 0.002ms
	UnloadStreamsBegin: 0.108ms
	PersistCurrentRevisions: 0.007ms
	UnloadStreamsEnd: 0.001ms
	GenerateScriptTypeHashes: 0.000ms
	Untracked: 397.145ms
Application.AssetDatabase Initial Refresh End
Launching external process: /Applications/Unity/Hub/Editor/2022.3.62f3c1/Unity.app/Contents/Tools/UnityShaderCompiler
Launched and connected shader compiler UnityShaderCompiler after 0.02 seconds
Scanning for USB devices : 0.019ms
Initializing Unity extensions:
[Licensing::Client] Successfully resolved entitlement details
[MODES] ModeService[none].Initialize
[MODES] ModeService[none].LoadModes
[MODES] Loading mode Default (0) for mode-current-id-M14RuntimePlayer
[PhysX] Initialized MultithreadedTaskDispatcher with 10 workers.
ProgressiveSceneManager::Cancel()
-- Listing OpenCL platforms(s) --
 * OpenCL platform 0
	PROFILE = FULL_PROFILE
	VERSION = OpenCL 1.2 (Jul 31 2026 20:36:30)
	NAME = Apple
	VENDOR = Apple
-- Listing OpenCL device(s) --
 * OpenCL platform 0, device 0 
	DEVICE_TYPE = 4
	DEVICE_NAME = Apple M5
	DEVICE_VENDOR = Apple
	DEVICE_VERSION = OpenCL 1.2 
	DRIVER_VERSION = 1.2 1.0
	DEVICE_MAX_COMPUTE_UNITS = 10
	DEVICE_MAX_CLOCK_FREQUENCY = 1000
	CL_DEVICE_MAX_CONSTANT_BUFFER_SIZE = 1073741824
	CL_DEVICE_HOST_UNIFIED_MEMORY = true
	CL_DEVICE_MAX_MEM_ALLOC_SIZE = 3575562240
	DEVICE_GLOBAL_MEM_SIZE = 19069665280
-- GPU Progressive lightmapper will use OpenCL device 'Apple M5' from 'Apple'--
   use -OpenCL-PlatformAndDeviceIndices <platformIdx> <deviceIdx> as command line arguments if you want to select a specific adapter for OpenCL.
Unloading 3 Unused Serialized files (Serialized files now loaded: 0)
Unloading 14 unused Assets / (370.9 KB). Loaded Objects now: 744.
Memory consumption went from 91.7 MB to 91.3 MB.
Total: 1.385875 ms (FindLiveObjects: 0.021833 ms CreateObjectMapping: 0.004209 ms MarkObjects: 1.260083 ms  DeleteObjects: 0.099583 ms)

[PhysX] Initialized MultithreadedTaskDispatcher with 10 workers.
Unloading 0 Unused Serialized files (Serialized files now loaded: 0)
Unloading 0 unused Assets / (0 B). Loaded Objects now: 744.
Memory consumption went from 91.4 MB to 91.4 MB.
Total: 1.065750 ms (FindLiveObjects: 0.017041 ms CreateObjectMapping: 0.004125 ms MarkObjects: 1.043042 ms  DeleteObjects: 0.001375 ms)

Start importing Assets/Scenes/TargetScene.unity using Guid(d28c4c0e833d74dcab4adcbf5520d36a) Importer(-1,00000000000000000000000000000000) [PhysX] Initialized MultithreadedTaskDispatcher with 10 workers.
 -> (artifact id: 'c573b54dd80a6988de718efd191cf89d') in 0.001949 seconds
Refreshing native plugins compatible for Editor in 0.00 ms, found 0 plugins.
Preloading 0 native plugins for Editor in 0.00 ms.
Asset Pipeline Refresh (id=2ca6ad5fd5fc24742b0fae0e2b49d673): Total: 0.018 seconds - Initiated by StopAssetImportingV2(NoUpdateAssetOptions)
[M14_Setup] Created Assets/Scenes/TargetScene.unity
UnityEngine.StackTraceUtility:ExtractStackTrace () (at /Volumes/jenkins1/sharedspace/ra_2022.3/Runtime/Export/Scripting/StackTrace.cs:37)
UnityEngine.DebugLogHandler:LogFormat (UnityEngine.LogType,UnityEngine.Object,string,object[])
UnityEngine.Logger:Log (UnityEngine.LogType,object)
UnityEngine.Debug:Log (object)
M14_Setup:CreateTargetScene () (at Assets/Editor/M14_Setup.cs:70)
M14_Setup:InitializeScenes () (at Assets/Editor/M14_Setup.cs:24)

(Filename: Assets/Editor/M14_Setup.cs Line: 70)

[PhysX] Initialized MultithreadedTaskDispatcher with 10 workers.
Unloading 0 Unused Serialized files (Serialized files now loaded: 0)
Unloading 1 unused Assets / (0.9 KB). Loaded Objects now: 744.
Memory consumption went from 90.6 MB to 90.6 MB.
Total: 1.348791 ms (FindLiveObjects: 0.017000 ms CreateObjectMapping: 0.004666 ms MarkObjects: 1.320959 ms  DeleteObjects: 0.005791 ms)

Start importing Assets/Scenes/MainMenu.unity using Guid(fe5a3ee3c0d1b408992e2a3120b209f5) Importer(-1,00000000000000000000000000000000) [PhysX] Initialized MultithreadedTaskDispatcher with 10 workers.
 -> (artifact id: '37e7344928d56c60a4fe91052de28a77') in 0.000403 seconds
Refreshing native plugins compatible for Editor in 0.00 ms, found 0 plugins.
Preloading 0 native plugins for Editor in 0.00 ms.
Asset Pipeline Refresh (id=5a170ecf8a53a47749bb60eeff5f8c3b): Total: 0.007 seconds - Initiated by StopAssetImportingV2(NoUpdateAssetOptions)
[M14_Setup] Created Assets/Scenes/MainMenu.unity
UnityEngine.StackTraceUtility:ExtractStackTrace () (at /Volumes/jenkins1/sharedspace/ra_2022.3/Runtime/Export/Scripting/StackTrace.cs:37)
UnityEngine.DebugLogHandler:LogFormat (UnityEngine.LogType,UnityEngine.Object,string,object[])
UnityEngine.Logger:Log (UnityEngine.LogType,object)
UnityEngine.Debug:Log (object)
M14_Setup:CreateMainMenuScene () (at Assets/Editor/M14_Setup.cs:154)
M14_Setup:InitializeScenes () (at Assets/Editor/M14_Setup.cs:25)

(Filename: Assets/Editor/M14_Setup.cs Line: 154)

[M14_Setup] EditorBuildSettings updated with 2 scenes.
UnityEngine.StackTraceUtility:ExtractStackTrace () (at /Volumes/jenkins1/sharedspace/ra_2022.3/Runtime/Export/Scripting/StackTrace.cs:37)
UnityEngine.DebugLogHandler:LogFormat (UnityEngine.LogType,UnityEngine.Object,string,object[])
UnityEngine.Logger:Log (UnityEngine.LogType,object)
UnityEngine.Debug:Log (object)
M14_Setup:SetupEditorBuildSettings () (at Assets/Editor/M14_Setup.cs:173)
M14_Setup:InitializeScenes () (at Assets/Editor/M14_Setup.cs:26)

(Filename: Assets/Editor/M14_Setup.cs Line: 173)

[M14_Setup] Complete. Scenes and build settings ready.
UnityEngine.StackTraceUtility:ExtractStackTrace () (at /Volumes/jenkins1/sharedspace/ra_2022.3/Runtime/Export/Scripting/StackTrace.cs:37)
UnityEngine.DebugLogHandler:LogFormat (UnityEngine.LogType,UnityEngine.Object,string,object[])
UnityEngine.Logger:Log (UnityEngine.LogType,object)
UnityEngine.Debug:Log (object)
M14_Setup:InitializeScenes () (at Assets/Editor/M14_Setup.cs:27)

(Filename: Assets/Editor/M14_Setup.cs Line: 27)

Batchmode quit successfully invoked - shutting down!
Curl error 42: Callback aborted
Curl error 42: Callback aborted
Killing ADB server in 0.019728 seconds.
Thread 0x1714a3000 may have been prematurely finalized
[PhysX] Initialized MultithreadedTaskDispatcher with 10 workers.
Input System module state changed to: ShutdownInProgress.
Input System polling thread exited.
Input System module state changed to: Shutdown.
[Licensing::IpcConnector] LicenseClient-tangluyi-notifications channel disconnected successfully.
[Licensing::IpcConnector] LicenseClient-tangluyi channel disconnected successfully.
Thread 0x16deef000 may have been prematurely finalized
[40m[32minfo[39m[22m[49m: Microsoft.Hosting.Lifetime[0]
      Application is shutting down...
Cleanup mono
debugger-agent: Unable to listen on 52
[usbmuxd] Stop listen thread
[usbmuxd] Error: 
[usbmuxd] Listen thread exiting
[Performance] Application.InitializeProject                                                                                  :        1 samples, Peak.  1.55 s (1.0x), Avg.  1.55 s, Total. 1.549 s (41.5%)
[Performance] Application.PackageManager.StartServer                                                                         :        1 samples, Peak.   826 us (1.0x), Avg.   826 us, Total. 826.1 us (0.0%)
[Performance] Application.AcquireProjectLock                                                                                 :        1 samples, Peak.  2.49 ms (1.0x), Avg.  2.49 ms, Total. 2.487 ms (0.1%)
[Performance] Application.InitializeEngineNoGraphics                                                                         :        1 samples, Peak.  18.7 ms (1.0x), Avg.  18.7 ms, Total. 18.69 ms (0.5%)
[Performance] Application.PackageManager.Initialize                                                                          :        1 samples, Peak.   260 ms (1.0x), Avg.   260 ms, Total. 260.1 ms (7.0%)
[Performance] Connecting to Package Manager                                                                                  :       27 samples, Peak.  33.7 us (22.8x), Avg.  1.48 us, Total. 39.96 us (0.0%)
[Performance] Application.EngineGraphics.Initialize                                                                          :        1 samples, Peak.  20.0 ms (1.0x), Avg.  20.0 ms, Total. 19.97 ms (0.5%)
[Performance] Application.GI.Initialize                                                                                      :        1 samples, Peak.   409 us (1.0x), Avg.   409 us, Total. 409.0 us (0.0%)
[Performance] Application.LoadAllDefaultResourcesFromEditor                                                                  :        1 samples, Peak.   659 us (1.0x), Avg.   659 us, Total. 659.0 us (0.0%)
[Performance] Application.LoadMonoAssemblies                                                                                 :        1 samples, Peak.   432 ms (1.0x), Avg.   432 ms, Total. 432.3 ms (11.6%)
[Performance] RestoreManagedReferences                                                                                       :        2 samples, Peak.  24.5 ms (2.0x), Avg.  12.2 ms, Total. 24.48 ms (0.7%)
[Performance] InitializeOnLoad DrivenRectTransformUndo                                                                       :        2 samples, Peak.   201 us (1.2x), Avg.   168 us, Total. 336.5 us (0.0%)
[Performance] InitializeOnLoad SceneSearch                                                                                   :        2 samples, Peak.   114 us (1.4x), Avg.  79.1 us, Total. 158.3 us (0.0%)
[Performance] InitializeOnLoad CloudBuild                                                                                    :        2 samples, Peak.  1.63 us (1.1x), Avg.  1.42 us, Total. 2.833 us (0.0%)
[Performance] InitializeOnLoad NativeFormatImporterUtility                                                                   :        2 samples, Peak.   967 us (1.3x), Avg.   742 us, Total. 1.484 ms (0.0%)
[Performance] InitializeOnLoad SearchService                                                                                 :        2 samples, Peak.  45.7 us (1.1x), Avg.  40.3 us, Total. 80.54 us (0.0%)
[Performance] InitializeOnLoad SettingsService                                                                               :        2 samples, Peak.  4.50 us (1.1x), Avg.  4.19 us, Total. 8.375 us (0.0%)
[Performance] InitializeOnLoad WindowLayout                                                                                  :        2 samples, Peak.  94.4 us (1.1x), Avg.  83.0 us, Total. 166.1 us (0.0%)
[Performance] InitializeOnLoad AssetStoreContext                                                                             :        2 samples, Peak.  7.50 ms (1.7x), Avg.  4.45 ms, Total. 8.891 ms (0.2%)
[Performance] InitializeOnLoad PoolManager                                                                                   :        2 samples, Peak.   258 us (1.1x), Avg.   227 us, Total. 454.6 us (0.0%)
[Performance] InitializeOnLoad MixerEffectDefinitionReloader                                                                 :        2 samples, Peak.  1.04 ms (1.3x), Avg.   795 us, Total. 1.591 ms (0.0%)
[Performance] InitializeOnLoad ProjectSearch                                                                                 :        2 samples, Peak.  19.3 us (1.0x), Avg.  18.4 us, Total. 36.75 us (0.0%)
[Performance] InitializeOnLoad UISystemProfilerRenderService                                                                 :        2 samples, Peak.  4.33 us (1.1x), Avg.  3.83 us, Total. 7.667 us (0.0%)
[Performance] InitializeOnLoad EditMode                                                                                      :        2 samples, Peak.   168 us (1.2x), Avg.   136 us, Total. 272.1 us (0.0%)
[Performance] InitializeOnLoad UnityConnect                                                                                  :        2 samples, Peak.  20.6 us (1.2x), Avg.  17.0 us, Total. 33.96 us (0.0%)
[Performance] InitializeOnLoad ManagedDebugger                                                                               :        2 samples, Peak.   236 us (1.1x), Avg.   207 us, Total. 413.8 us (0.0%)
[Performance] InitializeOnLoad ShortcutIntegration                                                                           :        2 samples, Peak.  22.3 us (1.1x), Avg.  19.6 us, Total. 39.17 us (0.0%)
[Performance] InitializeOnLoad AddComponentWindow                                                                            :        2 samples, Peak.  40.5 us (1.1x), Avg.  36.7 us, Total. 73.42 us (0.0%)
[Performance] InitializeOnLoad ManagedDebuggerWindow                                                                         :        2 samples, Peak.  46.3 us (1.1x), Avg.  40.5 us, Total. 81.08 us (0.0%)
[Performance] InitializeOnLoad CacheServerWindow                                                                             :        2 samples, Peak.  3.92 us (1.0x), Avg.  3.77 us, Total. 7.542 us (0.0%)
[Performance] InitializeOnLoad PlayModeDownload                                                                              :        2 samples, Peak.  1.91 ms (2.0x), Avg.   972 us, Total. 1.944 ms (0.1%)
[Performance] InitializeOnLoad MenuItems                                                                                     :        2 samples, Peak.  51.3 us (1.4x), Avg.  37.3 us, Total. 74.58 us (0.0%)
[Performance] InitializeOnLoad PrefabInstanceChangedListener                                                                 :        2 samples, Peak.  80.0 us (1.3x), Avg.  59.3 us, Total. 118.7 us (0.0%)
[Performance] InitializeOnLoad ObjectSelectorSearch                                                                          :        2 samples, Peak.  12.9 us (1.1x), Avg.  12.0 us, Total. 24.00 us (0.0%)
[Performance] InitializeOnLoad EditorMonitor                                                                                 :        2 samples, Peak.   253 us (1.1x), Avg.   228 us, Total. 455.2 us (0.0%)
[Performance] InitializeOnLoad RetainedMode                                                                                  :        2 samples, Peak.   906 us (1.1x), Avg.   824 us, Total. 1.648 ms (0.0%)
[Performance] InitializeOnLoad EditorShaderLoader                                                                            :        2 samples, Peak.   275 us (1.2x), Avg.   230 us, Total. 459.7 us (0.0%)
[Performance] InitializeOnLoad EditorDelegateRegistration                                                                    :        2 samples, Peak.   197 us (1.0x), Avg.   192 us, Total. 384.5 us (0.0%)
[Performance] InitializeOnLoad UIDocumentHierarchyWatcher                                                                    :        2 samples, Peak.  25.2 us (1.1x), Avg.  22.7 us, Total. 45.37 us (0.0%)
[Performance] InitializeOnLoad LiveReloadTrackerCreator                                                                      :        2 samples, Peak.  81.6 us (1.2x), Avg.  70.3 us, Total. 140.5 us (0.0%)
[Performance] InitializeOnLoad UxmlObjectEditorFactories                                                                     :        2 samples, Peak.   175 us (1.0x), Avg.   171 us, Total. 341.5 us (0.0%)
[Performance] InitializeOnLoad UXMLEditorFactories                                                                           :        2 samples, Peak.  19.0 ms (1.0x), Avg.  18.4 ms, Total. 36.84 ms (1.0%)
[Performance] InitializeOnLoad PurchasingService                                                                             :        2 samples, Peak.  2.58 ms (1.1x), Avg.  2.44 ms, Total. 4.873 ms (0.1%)
[Performance] InitializeOnLoad CloudBuildPoller                                                                              :        2 samples, Peak.  36.8 us (1.0x), Avg.  36.5 us, Total. 73.08 us (0.0%)
[Performance] InitializeOnLoad EditorGameServicesAnalytics                                                                   :        2 samples, Peak.   401 us (1.1x), Avg.   361 us, Total. 721.3 us (0.0%)
[Performance] InitializeOnLoad AnalyticsService                                                                              :        2 samples, Peak.  59.2 us (1.0x), Avg.  59.2 us, Total. 118.4 us (0.0%)
[Performance] InitializeOnLoad BuildService                                                                                  :        2 samples, Peak.  52.0 us (1.0x), Avg.  51.2 us, Total. 102.5 us (0.0%)
[Performance] InitializeOnLoad AdsService                                                                                    :        2 samples, Peak.   135 us (1.0x), Avg.   129 us, Total. 258.7 us (0.0%)
[Performance] InitializeOnLoad UDPService                                                                                    :        2 samples, Peak.  58.7 us (1.1x), Avg.  53.4 us, Total. 106.8 us (0.0%)
[Performance] InitializeOnLoad CrashService                                                                                  :        2 samples, Peak.  50.3 us (1.0x), Avg.  48.4 us, Total. 96.75 us (0.0%)
[Performance] InitializeOnLoad ServicesRepository                                                                            :        2 samples, Peak.   125 ns (1.2x), Avg.   104 ns, Total. 208.0 ns (0.0%)
[Performance] InitializeOnLoad SearchWindow                                                                                  :        2 samples, Peak.  44.8 us (1.1x), Avg.  41.1 us, Total. 82.29 us (0.0%)
[Performance] InitializeOnLoad CustomIndexers                                                                                :        2 samples, Peak.  5.21 ms (1.0x), Avg.  5.17 ms, Total. 10.33 ms (0.3%)
[Performance] InitializeOnLoad SearchMonitor                                                                                 :        2 samples, Peak.   324 us (1.1x), Avg.   294 us, Total. 588.5 us (0.0%)
[Performance] InitializeOnLoad ParameterControllerEditor                                                                     :        2 samples, Peak.  11.2 us (1.2x), Avg.  9.08 us, Total. 18.17 us (0.0%)
[Performance] InitializeOnLoad LayerSettingsWindow                                                                           :        2 samples, Peak.  9.71 us (1.7x), Avg.  5.67 us, Total. 11.33 us (0.0%)
[Performance] InitializeOnLoad PackageManagerHookGUIDConverter.RegisterPackagesEventHandler                                  :        2 samples, Peak.   273 us (1.1x), Avg.   247 us, Total. 493.2 us (0.0%)
[Performance] InitializeOnLoad EditorDragAndDrop.RegisterEditorClient                                                        :        2 samples, Peak.  71.6 us (1.1x), Avg.  67.4 us, Total. 134.8 us (0.0%)
[Performance] InitializeOnLoad EditorEventCallbacks.InitializeFontAssetResourceChangeCallBacks                               :        2 samples, Peak.   447 us (1.1x), Avg.   399 us, Total. 797.3 us (0.0%)
[Performance] InitializeOnLoad SceneTemplateService.Init                                                                     :        2 samples, Peak.   410 us (1.0x), Avg.   407 us, Total. 815.0 us (0.0%)
[Performance] InitializeOnLoad DiagnosticSwitchesConsoleMessage.Init                                                         :        2 samples, Peak.  1.14 ms (1.6x), Avg.   727 us, Total. 1.453 ms (0.0%)
[Performance] InitializeOnLoad MemoryProfilerCompilationGuard.InjectCompileGuard                                             :        2 samples, Peak.  55.6 us (1.1x), Avg.  51.5 us, Total. 102.9 us (0.0%)
[Performance] InitializeOnLoad EditorWindow.Initialize                                                                       :        2 samples, Peak.  69.4 us (1.0x), Avg.  68.7 us, Total. 137.4 us (0.0%)
[Performance] InitializeOnLoad AssetPostprocessingInternal.RefreshCustomDependencies                                         :        2 samples, Peak.  1.12 ms (1.2x), Avg.   933 us, Total. 1.867 ms (0.1%)
[Performance] InitializeOnLoad SysrootManager.Initialize                                                                     :        2 samples, Peak.   145 us (1.0x), Avg.   141 us, Total. 282.1 us (0.0%)
[Performance] InitializeOnLoad PackageManagerWindow.EditorInitializedInSafeMode                                              :        2 samples, Peak.  8.71 ms (2.0x), Avg.  4.38 ms, Total. 8.751 ms (0.2%)
[Performance] InitializeOnLoad ToolShortcutContext.Init                                                                      :        2 samples, Peak.  38.6 us (1.0x), Avg.  36.9 us, Total. 73.83 us (0.0%)
[Performance] InitializeOnLoad SceneVisibilityManager.Initialize                                                             :        2 samples, Peak.  1.02 ms (1.6x), Avg.   638 us, Total. 1.275 ms (0.0%)
[Performance] InitializeOnLoad ScopedRegistryAddedPopup.SubscribeToRegistriesAdded                                           :        2 samples, Peak.  2.71 ms (2.0x), Avg.  1.37 ms, Total. 2.735 ms (0.1%)
[Performance] AssemblyReloadEvents.afterAssemblyReload: UnityEditor.SceneTemplate.SceneTemplateService.AfterAssemblyReload   :        2 samples, Peak.  1.09 ms (1.8x), Avg.   590 us, Total. 1.181 ms (0.0%)
[Performance] ProcessService.EditorAfterLoadAllAssemblies                                                                    :        2 samples, Peak.   102 us (1.1x), Avg.  89.7 us, Total. 179.3 us (0.0%)
[Performance] Application.ReadLicenseInfo                                                                                    :        1 samples, Peak.  11.1 ms (1.0x), Avg.  11.1 ms, Total. 11.11 ms (0.3%)
[Performance] Application.InitialRefresh                                                                                     :        1 samples, Peak.   527 ms (1.0x), Avg.   527 ms, Total. 527.3 ms (14.1%)
[Performance] Compiling Scripts                                                                                              :        1 samples, Peak.   278 ms (1.0x), Avg.   278 ms, Total. 278.2 ms (7.5%)
[Performance] AssemblyReloadEvents.beforeAssemblyReload: UnityEditor.SceneTemplate.SceneTemplateService.BeforeAssemblyReload :        1 samples, Peak.   163 us (1.0x), Avg.   163 us, Total. 163.2 us (0.0%)
[Performance] InitializeOnLoad PrefabLayoutRebuilder                                                                         :        1 samples, Peak.  73.0 us (1.0x), Avg.  73.0 us, Total. 73.04 us (0.0%)
[Performance] DidReloadScriptsAdvancedDropdownWindow.OnScriptReload                                                          :        1 samples, Peak.  71.7 us (1.0x), Avg.  71.7 us, Total. 71.71 us (0.0%)
[Performance] SyncVS.PostprocessSyncProject                                                                                  :        3 samples, Peak.   712 us (3.0x), Avg.   239 us, Total. 717.0 us (0.0%)
[Performance] Application.ImportPackagesAndSetTemplateWhenCreatingProject                                                    :        1 samples, Peak.  8.71 ms (1.0x), Avg.  8.71 ms, Total. 8.710 ms (0.2%)
[Performance] Application.SyncCurrentColorSpace                                                                              :        1 samples, Peak.  26.8 ms (1.0x), Avg.  26.8 ms, Total. 26.77 ms (0.7%)
[Performance] Application.OnUsbDevicesChanged                                                                                :        1 samples, Peak.  27.8 us (1.0x), Avg.  27.8 us, Total. 27.79 us (0.0%)
[Performance] Application.AssetInstanceCacheUpdate                                                                           :        1 samples, Peak.  84.0 ns (1.0x), Avg.  84.0 ns, Total. 84.00 ns (0.0%)
[Performance] Application.UnityExtensions.Initialize                                                                         :        1 samples, Peak.   677 us (1.0x), Avg.   677 us, Total. 676.9 us (0.0%)
[Performance] CodeEditorProjectSync.SyncEditorProject                                                                        :        1 samples, Peak.  24.6 us (1.0x), Avg.  24.6 us, Total. 24.58 us (0.0%)
[Performance] Application.ExecuteStartups                                                                                    :        1 samples, Peak.  15.7 ms (1.0x), Avg.  15.7 ms, Total. 15.72 ms (0.4%)
[Performance] Menu.RegisterMenuInterface                                                                                     :       26 samples, Peak.   250 ns (4.3x), Avg.  57.7 ns, Total. 1.501 us (0.0%)
[Performance] Gizmo.RebuildRenderers                                                                                         :        1 samples, Peak.  15.6 ms (1.0x), Avg.  15.6 ms, Total. 15.63 ms (0.4%)
[Performance] Gizmo.AddGizmoRenderers                                                                                        :       30 samples, Peak.   649 us (21.3x), Avg.  30.4 us, Total. 911.7 us (0.0%)
[Performance] Application.editorInitializingProject                                                                          :        1 samples, Peak.  11.4 ms (1.0x), Avg.  11.4 ms, Total. 11.38 ms (0.3%)
[Performance] Application.InitializeMenu                                                                                     :        1 samples, Peak.  15.4 ms (1.0x), Avg.  15.4 ms, Total. 15.38 ms (0.4%)
[Performance] Menu.RebuildAll                                                                                                :        1 samples, Peak.  15.4 ms (1.0x), Avg.  15.4 ms, Total. 15.38 ms (0.4%)
[Performance] Menu.BuildRegisteredMenuInterfaces                                                                             :        1 samples, Peak.  13.9 ms (1.0x), Avg.  13.9 ms, Total. 13.91 ms (0.4%)
[Performance] Menu.FilterMenuItem                                                                                            :      455 samples, Peak.  5.96 ms (451.4x), Avg.  13.2 us, Total. 6.009 ms (0.2%)
[Performance] UpdateAllMenus                                                                                                 :        1 samples, Peak.   234 us (1.0x), Avg.   234 us, Total. 233.8 us (0.0%)
[Performance] EditorSceneManager.sceneClosing: UnityEditor.SceneVisibilityManager.EditorSceneManagerOnSceneClosing           :        3 samples, Peak.  96.2 us (2.9x), Avg.  32.8 us, Total. 98.25 us (0.0%)
[Performance] GUIView.RepaintAll.PlayerLoopController                                                                        :        3 samples, Peak.   459 ns (1.7x), Avg.   278 ns, Total. 833.0 ns (0.0%)
[Performance] EditorSceneManager.newSceneCreated: UnityEditor.SceneTemplate.SceneTemplateService.OnNewSceneCreated           :        3 samples, Peak.  87.3 us (3.0x), Avg.  29.4 us, Total. 88.16 us (0.0%)
[Performance] EditorSceneManager.newSceneCreated: UnityEditor.SceneVisibilityManager.EditorSceneManagerOnNewSceneCreated     :        3 samples, Peak.  50.2 us (2.8x), Avg.  18.0 us, Total. 54.00 us (0.0%)
[Performance] EditorSceneManager.newSceneCreated: UnityEditor.SceneManagement.StageNavigationManager.OnNewSceneCreated       :        3 samples, Peak.  17.7 us (2.9x), Avg.  6.10 us, Total. 18.29 us (0.0%)
[Performance] Application.InvokeFinishedLoadingProject                                                                       :        1 samples, Peak.   370 us (1.0x), Avg.   370 us, Total. 370.3 us (0.0%)
[Performance] ProcessService.OnProjectLoaded                                                                                 :        1 samples, Peak.  22.9 us (1.0x), Avg.  22.9 us, Total. 22.87 us (0.0%)
[Performance] VersionControl.Task.Wait                                                                                       :        1 samples, Peak.  3.04 us (1.0x), Avg.  3.04 us, Total. 3.042 us (0.0%)
[Performance] SceneDataContainer.TransformHierarchyChangedSetParentCallback                                                  :        9 samples, Peak.  4.54 us (6.9x), Avg.   658 ns, Total. 5.919 us (0.0%)
[Performance] SceneVisibilityState.IsFlagSetInParents                                                                        :       12 samples, Peak.   167 ns (3.0x), Avg.  55.6 ns, Total. 667.0 ns (0.0%)
[Performance] BuilderAssetModificationProcessor.OnWillSaveAssets                                                             :        3 samples, Peak.   248 us (2.9x), Avg.  84.5 us, Total. 253.5 us (0.0%)
[Performance] TerrainModificationProcessor.OnWillSaveAssets                                                                  :        3 samples, Peak.   198 us (2.8x), Avg.  70.9 us, Total. 212.7 us (0.0%)
[Performance] AssetDatabase.ImportAssets                                                                                     :        8 samples, Peak.   333 ns (1.9x), Avg.   177 ns, Total. 1.418 us (0.0%)
[Performance] EditorSceneManager.sceneSaving: UnityEditor.SceneTemplate.SceneTemplateService.OnSceneSaving                   :        2 samples, Peak.  89.9 us (2.0x), Avg.  45.5 us, Total. 90.92 us (0.0%)
[Performance] EditorSceneManager.sceneSaving: UnityEditor.SceneVisibilityManager.EditorSceneManagerOnSceneSaving             :        2 samples, Peak.  37.2 us (2.0x), Avg.  18.8 us, Total. 37.67 us (0.0%)
[Performance] BuilderAssetModificationProcessor.OnWillCreateAsset                                                            :        2 samples, Peak.  92.3 us (1.8x), Avg.  50.1 us, Total. 100.3 us (0.0%)
[Performance] AssetDatabase.ImportAsset                                                                                      :        2 samples, Peak.  18.1 ms (1.5x), Avg.  12.4 ms, Total. 24.78 ms (0.7%)
[Performance] ShaderImporter.SourceAssetModified                                                                             :        2 samples, Peak.   250 ns (1.2x), Avg.   209 ns, Total. 417.0 ns (0.0%)
[Performance] ShaderIncludeImporter.SourceAssetModified                                                                      :        2 samples, Peak.   417 ns (1.1x), Avg.   396 ns, Total. 792.0 ns (0.0%)
[Performance] PresetManagerPostProcessor.OnPreprocessAsset                                                                   :        2 samples, Peak.  85.6 us (1.9x), Avg.  44.2 us, Total. 88.33 us (0.0%)
[Performance] CancelSplashScreenOnAssetChange.OnPreprocessAsset                                                              :        2 samples, Peak.  50.9 us (2.0x), Avg.  25.9 us, Total. 51.75 us (0.0%)
[Performance] BuilderAssetPostprocessor.OnPostprocessAllAssets                                                               :        4 samples, Peak.  1.15 ms (2.0x), Avg.   563 us, Total. 2.253 ms (0.1%)
[Performance] ArtifactBrowserPostProcessor.OnPostprocessAllAssets                                                            :        4 samples, Peak.   193 us (2.0x), Avg.  96.9 us, Total. 387.5 us (0.0%)
[Performance] AssetEvents.OnPostprocessAllAssets                                                                             :        8 samples, Peak.  63.4 us (3.0x), Avg.  21.1 us, Total. 168.6 us (0.0%)
[Performance] AudioMixerPostprocessor.OnPostprocessAllAssets                                                                 :        4 samples, Peak.   101 us (2.0x), Avg.  50.8 us, Total. 203.3 us (0.0%)
[Performance] StyleCatalogPostProcessor.OnPostprocessAllAssets                                                               :        4 samples, Peak.  5.01 ms (2.0x), Avg.  2.51 ms, Total. 10.02 ms (0.3%)
[Performance] BuildCatalog                                                                                                   :        1 samples, Peak.  4.58 ms (1.0x), Avg.  4.58 ms, Total. 4.581 ms (0.1%)
[Performance] ModelImporterPostProcessor.OnPostprocessAllAssets                                                              :        4 samples, Peak.   328 us (2.0x), Avg.   166 us, Total. 664.8 us (0.0%)
[Performance] RetainedModeAssetPostprocessor.OnPostprocessAllAssets                                                          :        4 samples, Peak.   733 us (2.0x), Avg.   368 us, Total. 1.474 ms (0.0%)
[Performance] AssetChangedListener.OnPostprocessAllAssets                                                                    :        4 samples, Peak.   697 us (2.0x), Avg.   353 us, Total. 1.412 ms (0.0%)
[Performance] SpeedTreePostProcessor.OnPostprocessAllAssets                                                                  :        4 samples, Peak.  78.1 us (1.9x), Avg.  40.8 us, Total. 163.3 us (0.0%)
[Performance] TextAssetPostProcessor.OnPostprocessAllAssets                                                                  :        4 samples, Peak.   151 us (2.0x), Avg.  77.3 us, Total. 309.0 us (0.0%)
[Performance] EditorSceneManager.sceneSaved: UnityEditor.SceneTemplate.SceneTemplateService.OnSceneSaved                     :        2 samples, Peak.  4.31 ms (1.8x), Avg.  2.43 ms, Total. 4.865 ms (0.1%)
[Performance] EditorSceneManager.sceneSaved: UnityEditor.SceneVisibilityManager.EditorSceneManagerOnSceneSaved               :        2 samples, Peak.  37.3 us (1.9x), Avg.  19.4 us, Total. 38.83 us (0.0%)
[Performance] EditorApplication.quitting: callback in UnityEditor.TextCore.Text.EditorEventCallbacks                         :        1 samples, Peak.   359 us (1.0x), Avg.   359 us, Total. 358.5 us (0.0%)
[Performance] Killing ADB server                                                                                             :        1 samples, Peak.  20.5 ms (1.0x), Avg.  20.5 ms, Total. 20.49 ms (0.5%)
[Performance] Application.Shutdown.PauseProfilerSession                                                                      :        1 samples, Peak.  36.0 us (1.0x), Avg.  36.0 us, Total. 35.96 us (0.0%)
[Performance] Application.Shutdown.PauseAssetImportWorkers                                                                   :        1 samples, Peak.  49.1 us (1.0x), Avg.  49.1 us, Total. 49.08 us (0.0%)
[Performance] Application.Shutdown.SaveAssets                                                                                :        1 samples, Peak.   576 us (1.0x), Avg.   576 us, Total. 576.0 us (0.0%)
[Performance] Application.Shutdown.CleanupRenderPipeline                                                                     :        1 samples, Peak.  2.50 us (1.0x), Avg.  2.50 us, Total. 2.500 us (0.0%)
[Performance] Application.Shutdown.StopPreloadManager                                                                        :        1 samples, Peak.  11.0 ms (1.0x), Avg.  11.0 ms, Total. 11.03 ms (0.3%)
[Performance] Application.Shutdown.DestroyWorld                                                                              :        1 samples, Peak.   808 us (1.0x), Avg.   808 us, Total. 807.5 us (0.0%)
[Performance] Application.Shutdown.CleanupAfterLoad                                                                          :        1 samples, Peak.  1.11 ms (1.0x), Avg.  1.11 ms, Total. 1.113 ms (0.0%)
[Performance] Application.Shutdown.Progress                                                                                  :        1 samples, Peak.  6.63 us (1.0x), Avg.  6.63 us, Total. 6.625 us (0.0%)
[Performance] Application.Shutdown.GICleanupManagers                                                                         :        1 samples, Peak.   382 us (1.0x), Avg.   382 us, Total. 382.4 us (0.0%)
[Performance] Application.Shutdown.MenuCleanupClass                                                                          :        1 samples, Peak.  52.2 us (1.0x), Avg.  52.2 us, Total. 52.21 us (0.0%)
[Performance] Application.Shutdown.ADBSaveStateBeforeShutdown                                                                :        1 samples, Peak.  5.00 us (1.0x), Avg.  5.00 us, Total. 5.000 us (0.0%)
[Performance] Application.Shutdown.RemoteShutdown                                                                            :        1 samples, Peak.   459 ns (1.0x), Avg.   459 ns, Total. 459.0 ns (0.0%)
[Performance] Application.Shutdown.CleanupVCProvider                                                                         :        1 samples, Peak.  3.08 us (1.0x), Avg.  3.08 us, Total. 3.083 us (0.0%)
[Performance] Application.Shutdown.InputShutdown                                                                             :        1 samples, Peak.   126 us (1.0x), Avg.   126 us, Total. 126.3 us (0.0%)
[Performance] Application.Shutdown.GizmoManagerDestroy                                                                       :        1 samples, Peak.   190 us (1.0x), Avg.   190 us, Total. 190.0 us (0.0%)
[Performance] Application.Shutdown.ProfilerSession                                                                           :        1 samples, Peak.  50.1 us (1.0x), Avg.  50.1 us, Total. 50.08 us (0.0%)
[Performance] Application.Shutdown.ReleaseGfxWindowOnAllGUIViews                                                             :        1 samples, Peak.   833 ns (1.0x), Avg.   833 ns, Total. 833.0 ns (0.0%)
[Performance] Application.Shutdown.CleanupEngine                                                                             :        1 samples, Peak.   259 ms (1.0x), Avg.   259 ms, Total. 258.9 ms (6.9%)
[Performance] Application.Shutdown.CleanupAssetDatabase                                                                      :        1 samples, Peak.   567 us (1.0x), Avg.   567 us, Total. 566.9 us (0.0%)
[Performance] Application.Shutdown.ScriptCompilationCleanUp                                                                  :        1 samples, Peak.  8.37 us (1.0x), Avg.  8.37 us, Total. 8.375 us (0.0%)
[Performance] Application.Shutdown.DestroyJobSystem                                                                          :        1 samples, Peak.   115 us (1.0x), Avg.   115 us, Total. 115.1 us (0.0%)
[Performance] Application.Shutdown.CleanupPersistentManager                                                                  :        1 samples, Peak.   348 us (1.0x), Avg.   348 us, Total. 348.3 us (0.0%)
[Performance] Application.Shutdown.CleanupAsyncReadManager                                                                   :        1 samples, Peak.  41.7 us (1.0x), Avg.  41.7 us, Total. 41.71 us (0.0%)
[Performance] Application.Shutdown.CleanupMono                                                                               :        1 samples, Peak.  14.4 ms (1.0x), Avg.  14.4 ms, Total. 14.44 ms (0.4%)
[Performance] Application.Shutdown.CleanupStdConverters                                                                      :        1 samples, Peak.  6.67 us (1.0x), Avg.  6.67 us, Total. 6.667 us (0.0%)
[Performance] Application.Shutdown.UnloadAllPlatformSupportModuleNativeDlls                                                  :        1 samples, Peak.   208 ns (1.0x), Avg.   208 ns, Total. 208.0 ns (0.0%)
[Performance] Application.Shutdown.UnloadAllPlatformSupportNativeLibraries                                                   :        1 samples, Peak.  52.2 us (1.0x), Avg.  52.2 us, Total. 52.21 us (0.0%)
[Performance] Application.Shutdown.CleanupAutoDocumentation                                                                  :        1 samples, Peak.  73.5 us (1.0x), Avg.  73.5 us, Total. 73.46 us (0.0%)
[Performance] Application.Shutdown.ShaderNameManagerDestroy                                                                  :        1 samples, Peak.  14.2 us (1.0x), Avg.  14.2 us, Total. 14.17 us (0.0%)
[Performance] Application.Shutdown.CleanupCacheServer                                                                        :        1 samples, Peak.  83.0 ns (1.0x), Avg.  83.0 ns, Total. 83.00 ns (0.0%)
[Performance] Application.Shutdown.Virtualization_Shutdown                                                                   :        1 samples, Peak.  41.0 ns (1.0x), Avg.  41.0 ns, Total. 41.00 ns (0.0%)
[Performance] Application.Shutdown.DevConnections                                                                            :        1 samples, Peak.  43.5 us (1.0x), Avg.  43.5 us, Total. 43.46 us (0.0%)
Exiting batchmode successfully now!
[Package Manager] Server::Kill -- Server was shutdown
